Jul 23 03:50:44 ip-172-31-31-43 kernel: [    0.000000] Linux version 6.5.0-1023-aws (buildd@lcy02-amd64-071) (x86_64-linux-gnu-gcc-11 (Ubuntu 11.4.0-1ubuntu1~22.04) 11.4.0, GNU ld (GNU Binutils for Ubuntu) 2.38) #23~22.04.1-Ubuntu SMP Fri Jun 21 19:23:45 UTC 2024 (Ubuntu 6.5.0-1023.23~22.04.1-aws 6.5.13)
Jul 23 03:50:44 ip-172-31-31-43 kernel: [    0.000000] Command line: BOOT_IMAGE=/boot/vmlinuz-6.5.0-1023-aws root=PARTUUID=fc18f87a-f1bf-4033-81e3-283a82fee462 ro console=tty1 console=ttyS0 nvme_core.io_timeout=4294967295 panic=-1
Jul 23 03:50:44 ip-172-31-31-43 kernel: [    0.000000] KERNEL supported cpus:
Jul 23 03:50:44 ip-172-31-31-43 kernel: [    0.000000]   Intel GenuineIntel
Jul 23 03:50:44 ip-172-31-31-43 kernel: [    0.000000]   AMD AuthenticAMD
Jul 23 03:50:44 ip-172-31-31-43 kernel: [    0.000000]   Hygon HygonGenuine
Jul 23 03:50:44 ip-172-31-31-43 kernel: [    0.000000]   Centaur CentaurHauls
Jul 23 03:50:44 ip-172-31-31-43 kernel: [    0.000000]   zhaoxin   Shanghai  
Jul 23 03:50:44 ip-172-31-31-43 kernel: [    0.000000] BIOS-provided physical RAM map:
Jul 23 03:50:44 ip-172-31-31-43 kernel: [    0.000000] BIOS-e820: [mem 0x0000000000000000-0x000000000009ffff] usable
Jul 23 03:50:44 ip-172-31-31-43 kernel: [    0.000000] BIOS-e820: [mem 0x0000000000100000-0x00000000bbccdfff] usable
Jul 23 03:50:44 ip-172-31-31-43 kernel: [    0.000000] BIOS-e820: [mem 0x00000000bbcce000-0x00000000bbf4dfff] reserved
Jul 23 03:50:44 ip-172-31-31-43 kernel: [    0.000000] BIOS-e820: [mem 0x00000000bbf4e000-0x00000000bbf5dfff] ACPI data
Jul 23 03:50:44 ip-172-31-31-43 kernel: [    0.000000] BIOS-e820: [mem 0x00000000bbf5e000-0x00000000bbfddfff] ACPI NVS
Jul 23 03:50:44 ip-172-31-31-43 kernel: [    0.000000] BIOS-e820: [mem 0x00000000bbfde000-0x00000000bff7bfff] usable
Jul 23 03:50:44 ip-172-31-31-43 kernel: [    0.000000] BIOS-e820: [mem 0x00000000bff7c000-0x00000000bfffffff] reserved
Jul 23 03:50:44 ip-172-31-31-43 kernel: [    0.000000] BIOS-e820: [mem 0x0000000100000000-0x00000002389fffff] usable
Jul 23 03:50:44 ip-172-31-31-43 kernel: [    0.000000] BIOS-e820: [mem 0x0000000238a00000-0x000000023fffffff] reserved
Jul 23 03:50:44 ip-172-31-31-43 kernel: [    0.000000] NX (Execute Disable) protection: active
Jul 23 03:50:44 ip-172-31-31-43 kernel: [    0.000000] e820: update [mem 0xb9e8d018-0xb9e95e57] usable ==> usable
Jul 23 03:50:44 ip-172-31-31-43 kernel: [    0.000000] e820: update [mem 0xb9e8d018-0xb9e95e57] usable ==> usable
Jul 23 03:50:44 ip-172-31-31-43 kernel: [    0.000000] extended physical RAM map:
Jul 23 03:50:44 ip-172-31-31-43 kernel: [    0.000000] reserve setup_data: [mem 0x0000000000000000-0x000000000009ffff] usable
Jul 23 03:50:44 ip-172-31-31-43 kernel: [    0.000000] reserve setup_data: [mem 0x0000000000100000-0x00000000b9e8d017] usable
Jul 23 03:50:44 ip-172-31-31-43 kernel: [    0.000000] reserve setup_data: [mem 0x00000000b9e8d018-0x00000000b9e95e57] usable
Jul 23 03:50:44 ip-172-31-31-43 kernel: [    0.000000] reserve setup_data: [mem 0x00000000b9e95e58-0x00000000bbccdfff] usable
Jul 23 03:50:44 ip-172-31-31-43 kernel: [    0.000000] reserve setup_data: [mem 0x00000000bbcce000-0x00000000bbf4dfff] reserved
Jul 23 03:50:44 ip-172-31-31-43 kernel: [    0.000000] reserve setup_data: [mem 0x00000000bbf4e000-0x00000000bbf5dfff] ACPI data
Jul 23 03:50:44 ip-172-31-31-43 kernel: [    0.000000] reserve setup_data: [mem 0x00000000bbf5e000-0x00000000bbfddfff] ACPI NVS
Jul 23 03:50:44 ip-172-31-31-43 kernel: [    0.000000] reserve setup_data: [mem 0x00000000bbfde000-0x00000000bff7bfff] usable
Jul 23 03:50:44 ip-172-31-31-43 kernel: [    0.000000] reserve setup_data: [mem 0x00000000bff7c000-0x00000000bfffffff] reserved
Jul 23 03:50:44 ip-172-31-31-43 kernel: [    0.000000] reserve setup_data: [mem 0x0000000100000000-0x00000002389fffff] usable
Jul 23 03:50:44 ip-172-31-31-43 kernel: [    0.000000] reserve setup_data: [mem 0x0000000238a00000-0x000000023fffffff] reserved
Jul 23 03:50:44 ip-172-31-31-43 kernel: [    0.000000] efi: EFI v2.7 by EDK II
Jul 23 03:50:44 ip-172-31-31-43 kernel: [    0.000000] efi: SMBIOS=0xbbe6a000 ACPI=0xbbf5d000 ACPI 2.0=0xbbf5d014 MEMATTR=0xba3f8018 MOKvar=0xbbe58000 
Jul 23 03:50:44 ip-172-31-31-43 kernel: [    0.000000] secureboot: Secure boot disabled
Jul 23 03:50:44 ip-172-31-31-43 kernel: [    0.000000] SMBIOS 2.7 present.
Jul 23 03:50:44 ip-172-31-31-43 kernel: [    0.000000] DMI: Amazon EC2 m5.large/, BIOS 1.0 10/16/2017
Jul 23 03:50:44 ip-172-31-31-43 kernel: [    0.000000] Hypervisor detected: KVM
Jul 23 03:50:44 ip-172-31-31-43 kernel: [    0.000000] kvm-clock: Using msrs 4b564d01 and 4b564d00
Jul 23 03:50:44 ip-172-31-31-43 kernel: [    0.000001] kvm-clock: using sched offset of 1864480278 cycles
Jul 23 03:50:44 ip-172-31-31-43 kernel: [    0.000003] clocksource: kvm-clock: mask: 0xffffffffffffffff max_cycles: 0x1cd42e4dffb, max_idle_ns: 881590591483 ns
Jul 23 03:50:44 ip-172-31-31-43 kernel: [    0.000006] tsc: Detected 2499.994 MHz processor
Jul 23 03:50:44 ip-172-31-31-43 kernel: [    0.000101] e820: update [mem 0x00000000-0x00000fff] usable ==> reserved
Jul 23 03:50:44 ip-172-31-31-43 kernel: [    0.000105] e820: remove [mem 0x000a0000-0x000fffff] usable
Jul 23 03:50:44 ip-172-31-31-43 kernel: [    0.000111] last_pfn = 0x238a00 max_arch_pfn = 0x400000000
Jul 23 03:50:44 ip-172-31-31-43 kernel: [    0.000145] MTRR map: 4 entries (2 fixed + 2 variable; max 18), built from 8 variable MTRRs
Jul 23 03:50:44 ip-172-31-31-43 kernel: [    0.000148] x86/PAT: Configuration [0-7]: WB  WC  UC- UC  WB  WP  UC- WT  
Jul 23 03:50:44 ip-172-31-31-43 kernel: [    0.000189] last_pfn = 0xbff7c max_arch_pfn = 0x400000000
Jul 23 03:50:44 ip-172-31-31-43 kernel: [    0.007695] Using GB pages for direct mapping
Jul 23 03:50:44 ip-172-31-31-43 kernel: [    0.007954] secureboot: Secure boot disabled
Jul 23 03:50:44 ip-172-31-31-43 kernel: [    0.007955] RAMDISK: [mem 0xb8eac000-0xb9655fff]
Jul 23 03:50:44 ip-172-31-31-43 kernel: [    0.007962] ACPI: Early table checksum verification disabled
Jul 23 03:50:44 ip-172-31-31-43 kernel: [    0.007965] ACPI: RSDP 0x00000000BBF5D014 000024 (v02 AMAZON)
Jul 23 03:50:44 ip-172-31-31-43 kernel: [    0.007969] ACPI: XSDT 0x00000000BBF5C0E8 00006C (v01 AMAZON AMZNFACP 00000001      01000013)
Jul 23 03:50:44 ip-172-31-31-43 kernel: [    0.007975] ACPI: FACP 0x00000000BBF55000 000114 (v01 AMAZON AMZNFACP 00000001 AMZN 00000001)
Jul 23 03:50:44 ip-172-31-31-43 kernel: [    0.007980] ACPI: DSDT 0x00000000BBF56000 00115A (v01 AMAZON AMZNDSDT 00000001 AMZN 00000001)
Jul 23 03:50:44 ip-172-31-31-43 kernel: [    0.007984] ACPI: FACS 0x00000000BBFD0000 000040
Jul 23 03:50:44 ip-172-31-31-43 kernel: [    0.007986] ACPI: WAET 0x00000000BBF5B000 000028 (v01 AMAZON AMZNWAET 00000001 AMZN 00000001)
Jul 23 03:50:44 ip-172-31-31-43 kernel: [    0.007990] ACPI: SLIT 0x00000000BBF5A000 00006C (v01 AMAZON AMZNSLIT 00000001 AMZN 00000001)
Jul 23 03:50:44 ip-172-31-31-43 kernel: [    0.007993] ACPI: APIC 0x00000000BBF59000 000076 (v01 AMAZON AMZNAPIC 00000001 AMZN 00000001)
Jul 23 03:50:44 ip-172-31-31-43 kernel: [    0.007996] ACPI: SRAT 0x00000000BBF58000 0000A0 (v01 AMAZON AMZNSRAT 00000001 AMZN 00000001)
Jul 23 03:50:44 ip-172-31-31-43 kernel: [    0.007999] ACPI: HPET 0x00000000BBF54000 000038 (v01 AMAZON AMZNHPET 00000001 AMZN 00000001)
Jul 23 03:50:44 ip-172-31-31-43 kernel: [    0.008002] ACPI: SSDT 0x00000000BBF53000 000759 (v01 AMAZON AMZNSSDT 00000001 AMZN 00000001)
Jul 23 03:50:44 ip-172-31-31-43 kernel: [    0.008005] ACPI: SSDT 0x00000000BBF52000 00007F (v01 AMAZON AMZNSSDT 00000001 AMZN 00000001)
Jul 23 03:50:44 ip-172-31-31-43 kernel: [    0.008008] ACPI: BGRT 0x00000000BBF51000 000038 (v01 AMAZON AMAZON   00000002      01000013)
Jul 23 03:50:44 ip-172-31-31-43 kernel: [    0.008011] ACPI: Reserving FACP table memory at [mem 0xbbf55000-0xbbf55113]
Jul 23 03:50:44 ip-172-31-31-43 kernel: [    0.008012] ACPI: Reserving DSDT table memory at [mem 0xbbf56000-0xbbf57159]
Jul 23 03:50:44 ip-172-31-31-43 kernel: [    0.008013] ACPI: Reserving FACS table memory at [mem 0xbbfd0000-0xbbfd003f]
Jul 23 03:50:44 ip-172-31-31-43 kernel: [    0.008014] ACPI: Reserving WAET table memory at [mem 0xbbf5b000-0xbbf5b027]
Jul 23 03:50:44 ip-172-31-31-43 kernel: [    0.008015] ACPI: Reserving SLIT table memory at [mem 0xbbf5a000-0xbbf5a06b]
Jul 23 03:50:44 ip-172-31-31-43 kernel: [    0.008016] ACPI: Reserving APIC table memory at [mem 0xbbf59000-0xbbf59075]
Jul 23 03:50:44 ip-172-31-31-43 kernel: [    0.008017] ACPI: Reserving SRAT table memory at [mem 0xbbf58000-0xbbf5809f]
Jul 23 03:50:44 ip-172-31-31-43 kernel: [    0.008017] ACPI: Reserving HPET table memory at [mem 0xbbf54000-0xbbf54037]
Jul 23 03:50:44 ip-172-31-31-43 kernel: [    0.008018] ACPI: Reserving SSDT table memory at [mem 0xbbf53000-0xbbf53758]
Jul 23 03:50:44 ip-172-31-31-43 kernel: [    0.008019] ACPI: Reserving SSDT table memory at [mem 0xbbf52000-0xbbf5207e]
Jul 23 03:50:44 ip-172-31-31-43 kernel: [    0.008020] ACPI: Reserving BGRT table memory at [mem 0xbbf51000-0xbbf51037]
Jul 23 03:50:44 ip-172-31-31-43 kernel: [    0.008148] SRAT: PXM 0 -> APIC 0x00 -> Node 0
Jul 23 03:50:44 ip-172-31-31-43 kernel: [    0.008150] SRAT: PXM 0 -> APIC 0x01 -> Node 0
Jul 23 03:50:44 ip-172-31-31-43 kernel: [    0.008153] ACPI: SRAT: Node 0 PXM 0 [mem 0x00000000-0xbfffffff]
Jul 23 03:50:44 ip-172-31-31-43 kernel: [    0.008157] ACPI: SRAT: Node 0 PXM 0 [mem 0x100000000-0x23fffffff]
Jul 23 03:50:44 ip-172-31-31-43 kernel: [    0.008174] NUMA: Initialized distance table, cnt=1
Jul 23 03:50:44 ip-172-31-31-43 kernel: [    0.008177] NUMA: Node 0 [mem 0x00000000-0xbfffffff] + [mem 0x100000000-0x2389fffff] -> [mem 0x00000000-0x2389fffff]
Jul 23 03:50:44 ip-172-31-31-43 kernel: [    0.008188] NODE_DATA(0) allocated [mem 0x2389d4000-0x2389fefff]
Jul 23 03:50:44 ip-172-31-31-43 kernel: [    0.008395] Zone ranges:
Jul 23 03:50:44 ip-172-31-31-43 kernel: [    0.008395]   DMA      [mem 0x0000000000001000-0x0000000000ffffff]
Jul 23 03:50:44 ip-172-31-31-43 kernel: [    0.008398]   DMA32    [mem 0x0000000001000000-0x00000000ffffffff]
Jul 23 03:50:44 ip-172-31-31-43 kernel: [    0.008399]   Normal   [mem 0x0000000100000000-0x00000002389fffff]
Jul 23 03:50:44 ip-172-31-31-43 kernel: [    0.008401]   Device   empty
Jul 23 03:50:44 ip-172-31-31-43 kernel: [    0.008402] Movable zone start for each node
Jul 23 03:50:44 ip-172-31-31-43 kernel: [    0.008404] Early memory node ranges
Jul 23 03:50:44 ip-172-31-31-43 kernel: [    0.008404]   node   0: [mem 0x0000000000001000-0x000000000009ffff]
Jul 23 03:50:44 ip-172-31-31-43 kernel: [    0.008406]   node   0: [mem 0x0000000000100000-0x00000000bbccdfff]
Jul 23 03:50:44 ip-172-31-31-43 kernel: [    0.008407]   node   0: [mem 0x00000000bbfde000-0x00000000bff7bfff]
Jul 23 03:50:44 ip-172-31-31-43 kernel: [    0.008408]   node   0: [mem 0x0000000100000000-0x00000002389fffff]
Jul 23 03:50:44 ip-172-31-31-43 kernel: [    0.008410] Initmem setup node 0 [mem 0x0000000000001000-0x00000002389fffff]
Jul 23 03:50:44 ip-172-31-31-43 kernel: [    0.008417] On node 0, zone DMA: 1 pages in unavailable ranges
Jul 23 03:50:44 ip-172-31-31-43 kernel: [    0.008444] On node 0, zone DMA: 96 pages in unavailable ranges
Jul 23 03:50:44 ip-172-31-31-43 kernel: [    0.013570] On node 0, zone DMA32: 784 pages in unavailable ranges
Jul 23 03:50:44 ip-172-31-31-43 kernel: [    0.021989] On node 0, zone Normal: 132 pages in unavailable ranges
Jul 23 03:50:44 ip-172-31-31-43 kernel: [    0.022306] On node 0, zone Normal: 30208 pages in unavailable ranges
Jul 23 03:50:44 ip-172-31-31-43 kernel: [    0.022645] ACPI: PM-Timer IO Port: 0xb008
Jul 23 03:50:44 ip-172-31-31-43 kernel: [    0.022658] ACPI: LAPIC_NMI (acpi_id[0xff] dfl dfl lint[0x1])
Jul 23 03:50:44 ip-172-31-31-43 kernel: [    0.022716] IOAPIC[0]: apic_id 0, version 32, address 0xfec00000, GSI 0-23
Jul 23 03:50:44 ip-172-31-31-43 kernel: [    0.022719] ACPI: INT_SRC_OVR (bus 0 bus_irq 5 global_irq 5 high level)
Jul 23 03:50:44 ip-172-31-31-43 kernel: [    0.022721] ACPI: INT_SRC_OVR (bus 0 bus_irq 9 global_irq 9 high level)
Jul 23 03:50:44 ip-172-31-31-43 kernel: [    0.022723] ACPI: INT_SRC_OVR (bus 0 bus_irq 10 global_irq 10 high level)
Jul 23 03:50:44 ip-172-31-31-43 kernel: [    0.022724] ACPI: INT_SRC_OVR (bus 0 bus_irq 11 global_irq 11 high level)
Jul 23 03:50:44 ip-172-31-31-43 kernel: [    0.022728] ACPI: Using ACPI (MADT) for SMP configuration information
Jul 23 03:50:44 ip-172-31-31-43 kernel: [    0.022729] ACPI: HPET id: 0x8086a201 base: 0xfed00000
Jul 23 03:50:44 ip-172-31-31-43 kernel: [    0.022737] e820: update [mem 0xb9f3e000-0xb9f59fff] usable ==> reserved
Jul 23 03:50:44 ip-172-31-31-43 kernel: [    0.022748] TSC deadline timer available
Jul 23 03:50:44 ip-172-31-31-43 kernel: [    0.022749] smpboot: Allowing 2 CPUs, 0 hotplug CPUs
Jul 23 03:50:44 ip-172-31-31-43 kernel: [    0.022780] PM: hibernation: Registered nosave memory: [mem 0x00000000-0x00000fff]
Jul 23 03:50:44 ip-172-31-31-43 kernel: [    0.022783] PM: hibernation: Registered nosave memory: [mem 0x000a0000-0x000fffff]
Jul 23 03:50:44 ip-172-31-31-43 kernel: [    0.022787] PM: hibernation: Registered nosave memory: [mem 0xb9e8d000-0xb9e8dfff]
Jul 23 03:50:44 ip-172-31-31-43 kernel: [    0.022790] PM: hibernation: Registered nosave memory: [mem 0xb9e95000-0xb9e95fff]
Jul 23 03:50:44 ip-172-31-31-43 kernel: [    0.022794] PM: hibernation: Registered nosave memory: [mem 0xb9f3e000-0xb9f59fff]
Jul 23 03:50:44 ip-172-31-31-43 kernel: [    0.022797] PM: hibernation: Registered nosave memory: [mem 0xbbcce000-0xbbf4dfff]
Jul 23 03:50:44 ip-172-31-31-43 kernel: [    0.022799] PM: hibernation: Registered nosave memory: [mem 0xbbf4e000-0xbbf5dfff]
Jul 23 03:50:44 ip-172-31-31-43 kernel: [    0.022801] PM: hibernation: Registered nosave memory: [mem 0xbbf5e000-0xbbfddfff]
Jul 23 03:50:44 ip-172-31-31-43 kernel: [    0.022805] PM: hibernation: Registered nosave memory: [mem 0xbff7c000-0xbfffffff]
Jul 23 03:50:44 ip-172-31-31-43 kernel: [    0.022806] PM: hibernation: Registered nosave memory: [mem 0xc0000000-0xffffffff]
Jul 23 03:50:44 ip-172-31-31-43 kernel: [    0.022809] [mem 0xc0000000-0xffffffff] available for PCI devices
Jul 23 03:50:44 ip-172-31-31-43 kernel: [    0.022810] Booting paravirtualized kernel on KVM
Jul 23 03:50:44 ip-172-31-31-43 kernel: [    0.022812] clocksource: refined-jiffies: mask: 0xffffffff max_cycles: 0xffffffff, max_idle_ns: 7645519600211568 ns
Jul 23 03:50:44 ip-172-31-31-43 kernel: [    0.022820] setup_percpu: NR_CPUS:8192 nr_cpumask_bits:2 nr_cpu_ids:2 nr_node_ids:1
Jul 23 03:50:44 ip-172-31-31-43 kernel: [    0.023095] percpu: Embedded 63 pages/cpu s221184 r8192 d28672 u1048576
Jul 23 03:50:44 ip-172-31-31-43 kernel: [    0.023101] pcpu-alloc: s221184 r8192 d28672 u1048576 alloc=1*2097152
Jul 23 03:50:44 ip-172-31-31-43 kernel: [    0.023104] pcpu-alloc: [0] 0 1 
Jul 23 03:50:44 ip-172-31-31-43 kernel: [    0.023129] kvm-guest: PV spinlocks disabled, no host support
Jul 23 03:50:44 ip-172-31-31-43 kernel: [    0.023130] Kernel command line: BOOT_IMAGE=/boot/vmlinuz-6.5.0-1023-aws root=PARTUUID=fc18f87a-f1bf-4033-81e3-283a82fee462 ro console=tty1 console=ttyS0 nvme_core.io_timeout=4294967295 panic=-1
Jul 23 03:50:44 ip-172-31-31-43 kernel: [    0.023198] Unknown kernel command line parameters "BOOT_IMAGE=/boot/vmlinuz-6.5.0-1023-aws", will be passed to user space.
Jul 23 03:50:44 ip-172-31-31-43 kernel: [    0.023222] random: crng init done
Jul 23 03:50:44 ip-172-31-31-43 kernel: [    0.024055] Dentry cache hash table entries: 1048576 (order: 11, 8388608 bytes, linear)
Jul 23 03:50:44 ip-172-31-31-43 kernel: [    0.024470] Inode-cache hash table entries: 524288 (order: 10, 4194304 bytes, linear)
Jul 23 03:50:44 ip-172-31-31-43 kernel: [    0.024517] Fallback order for Node 0: 0 
Jul 23 03:50:44 ip-172-31-31-43 kernel: [    0.024521] Built 1 zonelists, mobility grouping on.  Total pages: 2033490
Jul 23 03:50:44 ip-172-31-31-43 kernel: [    0.024522] Policy zone: Normal
Jul 23 03:50:44 ip-172-31-31-43 kernel: [    0.024528] mem auto-init: stack:off, heap alloc:on, heap free:off
Jul 23 03:50:44 ip-172-31-31-43 kernel: [    0.024531] software IO TLB: area num 2.
Jul 23 03:50:44 ip-172-31-31-43 kernel: [    0.055374] Memory: 7930464K/8263724K available (20480K kernel code, 4264K rwdata, 13256K rodata, 4916K init, 17276K bss, 333000K reserved, 0K cma-reserved)
Jul 23 03:50:44 ip-172-31-31-43 kernel: [    0.055600] SLUB: HWalign=64, Order=0-3, MinObjects=0, CPUs=2, Nodes=1
Jul 23 03:50:44 ip-172-31-31-43 kernel: [    0.055611] Kernel/User page tables isolation: enabled
Jul 23 03:50:44 ip-172-31-31-43 kernel: [    0.055644] ftrace: allocating 55711 entries in 218 pages
Jul 23 03:50:44 ip-172-31-31-43 kernel: [    0.055725] ftrace section at ffffffff948837c0 sorted properly
Jul 23 03:50:44 ip-172-31-31-43 kernel: [    0.066647] ftrace: allocated 218 pages with 5 groups
Jul 23 03:50:44 ip-172-31-31-43 kernel: [    0.066781] rcu: Hierarchical RCU implementation.
Jul 23 03:50:44 ip-172-31-31-43 kernel: [    0.066782] rcu: 	RCU restricting CPUs from NR_CPUS=8192 to nr_cpu_ids=2.
Jul 23 03:50:44 ip-172-31-31-43 kernel: [    0.066783] 	Rude variant of Tasks RCU enabled.
Jul 23 03:50:44 ip-172-31-31-43 kernel: [    0.066784] 	Tracing variant of Tasks RCU enabled.
Jul 23 03:50:44 ip-172-31-31-43 kernel: [    0.066785] rcu: RCU calculated value of scheduler-enlistment delay is 25 jiffies.
Jul 23 03:50:44 ip-172-31-31-43 kernel: [    0.066786] rcu: Adjusting geometry for rcu_fanout_leaf=16, nr_cpu_ids=2
Jul 23 03:50:44 ip-172-31-31-43 kernel: [    0.069745] NR_IRQS: 524544, nr_irqs: 440, preallocated irqs: 16
Jul 23 03:50:44 ip-172-31-31-43 kernel: [    0.069965] rcu: srcu_init: Setting srcu_struct sizes based on contention.
Jul 23 03:50:44 ip-172-31-31-43 kernel: [    0.070007] Console: colour dummy device 80x25
Jul 23 03:50:44 ip-172-31-31-43 kernel: [    0.070009] printk: console [tty1] enabled
Jul 23 03:50:44 ip-172-31-31-43 kernel: [    0.070284] printk: console [ttyS0] enabled
Jul 23 03:50:44 ip-172-31-31-43 kernel: [    0.207509] ACPI: Core revision 20230331
Jul 23 03:50:44 ip-172-31-31-43 kernel: [    0.208239] clocksource: hpet: mask: 0xffffffff max_cycles: 0xffffffff, max_idle_ns: 30580167144 ns
Jul 23 03:50:44 ip-172-31-31-43 kernel: [    0.209480] APIC: Switch to symmetric I/O mode setup
Jul 23 03:50:44 ip-172-31-31-43 kernel: [    0.210540] x2apic enabled
Jul 23 03:50:44 ip-172-31-31-43 kernel: [    0.211270] Switched APIC routing to physical x2apic.
Jul 23 03:50:44 ip-172-31-31-43 kernel: [    0.213422] clocksource: tsc-early: mask: 0xffffffffffffffff max_cycles: 0x240933eba6e, max_idle_ns: 440795246008 ns
Jul 23 03:50:44 ip-172-31-31-43 kernel: [    0.214874] Calibrating delay loop (skipped) preset value.. 4999.98 BogoMIPS (lpj=9999976)
Jul 23 03:50:44 ip-172-31-31-43 kernel: [    0.216427] Last level iTLB entries: 4KB 64, 2MB 8, 4MB 8
Jul 23 03:50:44 ip-172-31-31-43 kernel: [    0.217188] Last level dTLB entries: 4KB 64, 2MB 0, 4MB 0, 1GB 4
Jul 23 03:50:44 ip-172-31-31-43 kernel: [    0.218026] Spectre V1 : Mitigation: usercopy/swapgs barriers and __user pointer sanitization
Jul 23 03:50:44 ip-172-31-31-43 kernel: [    0.218868] Spectre V2 : Mitigation: Retpolines
Jul 23 03:50:44 ip-172-31-31-43 kernel: [    0.218868] Spectre V2 : Spectre v2 / SpectreRSB mitigation: Filling RSB on context switch
Jul 23 03:50:44 ip-172-31-31-43 kernel: [    0.218868] Spectre V2 : Spectre v2 / SpectreRSB : Filling RSB on VMEXIT
Jul 23 03:50:44 ip-172-31-31-43 kernel: [    0.218868] RETBleed: WARNING: Spectre v2 mitigation leaves CPU vulnerable to RETBleed attacks, data leaks possible!
Jul 23 03:50:44 ip-172-31-31-43 kernel: [    0.218868] RETBleed: Vulnerable
Jul 23 03:50:44 ip-172-31-31-43 kernel: [    0.218868] Speculative Store Bypass: Vulnerable
Jul 23 03:50:44 ip-172-31-31-43 kernel: [    0.218868] MDS: Vulnerable: Clear CPU buffers attempted, no microcode
Jul 23 03:50:44 ip-172-31-31-43 kernel: [    0.218868] MMIO Stale Data: Vulnerable: Clear CPU buffers attempted, no microcode
Jul 23 03:50:44 ip-172-31-31-43 kernel: [    0.218868] GDS: Unknown: Dependent on hypervisor status
Jul 23 03:50:44 ip-172-31-31-43 kernel: [    0.218868] x86/fpu: Supporting XSAVE feature 0x001: 'x87 floating point registers'
Jul 23 03:50:44 ip-172-31-31-43 kernel: [    0.218868] x86/fpu: Supporting XSAVE feature 0x002: 'SSE registers'
Jul 23 03:50:44 ip-172-31-31-43 kernel: [    0.218868] x86/fpu: Supporting XSAVE feature 0x004: 'AVX registers'
Jul 23 03:50:44 ip-172-31-31-43 kernel: [    0.218868] x86/fpu: Supporting XSAVE feature 0x008: 'MPX bounds registers'
Jul 23 03:50:44 ip-172-31-31-43 kernel: [    0.218868] x86/fpu: Supporting XSAVE feature 0x010: 'MPX CSR'
Jul 23 03:50:44 ip-172-31-31-43 kernel: [    0.218868] x86/fpu: Supporting XSAVE feature 0x020: 'AVX-512 opmask'
Jul 23 03:50:44 ip-172-31-31-43 kernel: [    0.218868] x86/fpu: Supporting XSAVE feature 0x040: 'AVX-512 Hi256'
Jul 23 03:50:44 ip-172-31-31-43 kernel: [    0.218868] x86/fpu: Supporting XSAVE feature 0x080: 'AVX-512 ZMM_Hi256'
Jul 23 03:50:44 ip-172-31-31-43 kernel: [    0.218868] x86/fpu: Supporting XSAVE feature 0x200: 'Protection Keys User registers'
Jul 23 03:50:44 ip-172-31-31-43 kernel: [    0.218868] x86/fpu: xstate_offset[2]:  576, xstate_sizes[2]:  256
Jul 23 03:50:44 ip-172-31-31-43 kernel: [    0.218868] x86/fpu: xstate_offset[3]:  832, xstate_sizes[3]:   64
Jul 23 03:50:44 ip-172-31-31-43 kernel: [    0.218868] x86/fpu: xstate_offset[4]:  896, xstate_sizes[4]:   64
Jul 23 03:50:44 ip-172-31-31-43 kernel: [    0.218868] x86/fpu: xstate_offset[5]:  960, xstate_sizes[5]:   64
Jul 23 03:50:44 ip-172-31-31-43 kernel: [    0.218868] x86/fpu: xstate_offset[6]: 1024, xstate_sizes[6]:  512
Jul 23 03:50:44 ip-172-31-31-43 kernel: [    0.218868] x86/fpu: xstate_offset[7]: 1536, xstate_sizes[7]: 1024
Jul 23 03:50:44 ip-172-31-31-43 kernel: [    0.218868] x86/fpu: xstate_offset[9]: 2560, xstate_sizes[9]:    8
Jul 23 03:50:44 ip-172-31-31-43 kernel: [    0.218868] x86/fpu: Enabled xstate features 0x2ff, context size is 2568 bytes, using 'compacted' format.
Jul 23 03:50:44 ip-172-31-31-43 kernel: [    0.218868] Freeing SMP alternatives memory: 44K
Jul 23 03:50:44 ip-172-31-31-43 kernel: [    0.218868] pid_max: default: 32768 minimum: 301
Jul 23 03:50:44 ip-172-31-31-43 kernel: [    0.218868] LSM: initializing lsm=lockdown,capability,landlock,yama,apparmor,integrity
Jul 23 03:50:44 ip-172-31-31-43 kernel: [    0.218868] landlock: Up and running.
Jul 23 03:50:44 ip-172-31-31-43 kernel: [    0.218868] Yama: becoming mindful.
Jul 23 03:50:44 ip-172-31-31-43 kernel: [    0.218868] AppArmor: AppArmor initialized
Jul 23 03:50:44 ip-172-31-31-43 kernel: [    0.218868] Mount-cache hash table entries: 16384 (order: 5, 131072 bytes, linear)
Jul 23 03:50:44 ip-172-31-31-43 kernel: [    0.218868] Mountpoint-cache hash table entries: 16384 (order: 5, 131072 bytes, linear)
Jul 23 03:50:44 ip-172-31-31-43 kernel: [    0.218868] smpboot: CPU0: Intel(R) Xeon(R) Platinum 8259CL CPU @ 2.50GHz (family: 0x6, model: 0x55, stepping: 0x7)
Jul 23 03:50:44 ip-172-31-31-43 kernel: [    0.218868] RCU Tasks Rude: Setting shift to 1 and lim to 1 rcu_task_cb_adjust=1.
Jul 23 03:50:44 ip-172-31-31-43 kernel: [    0.218868] RCU Tasks Trace: Setting shift to 1 and lim to 1 rcu_task_cb_adjust=1.
Jul 23 03:50:44 ip-172-31-31-43 kernel: [    0.218868] Performance Events: unsupported p6 CPU model 85 no PMU driver, software events only.
Jul 23 03:50:44 ip-172-31-31-43 kernel: [    0.218908] signal: max sigframe size: 3632
Jul 23 03:50:44 ip-172-31-31-43 kernel: [    0.219555] Estimated ratio of average max frequency by base frequency (times 1024): 1351
Jul 23 03:50:44 ip-172-31-31-43 systemd-modules-load[126]: Inserted module 'nf_conntrack'
Jul 23 03:50:44 ip-172-31-31-43 systemd[1]: Mounted Kernel Debug File System.
Jul 23 03:50:44 ip-172-31-31-43 systemd[1]: Mounted Kernel Trace File System.
Jul 23 03:50:44 ip-172-31-31-43 systemd[1]: Finished Create List of Static Device Nodes.
Jul 23 03:50:44 ip-172-31-31-43 systemd[1]: modprobe@configfs.service: Deactivated successfully.
Jul 23 03:50:44 ip-172-31-31-43 systemd[1]: Finished Load Kernel Module configfs.
Jul 23 03:50:44 ip-172-31-31-43 systemd[1]: modprobe@drm.service: Deactivated successfully.
Jul 23 03:50:44 ip-172-31-31-43 systemd[1]: Finished Load Kernel Module drm.
Jul 23 03:50:44 ip-172-31-31-43 systemd-fsck[129]: cloudimg-rootfs: clean, 74836/1032192 files, 490260/2068731 blocks
Jul 23 03:50:44 ip-172-31-31-43 systemd[1]: modprobe@efi_pstore.service: Deactivated successfully.
Jul 23 03:50:44 ip-172-31-31-43 systemd[1]: Finished Load Kernel Module efi_pstore.
Jul 23 03:50:44 ip-172-31-31-43 systemd[1]: modprobe@fuse.service: Deactivated successfully.
Jul 23 03:50:44 ip-172-31-31-43 systemd[1]: Finished Load Kernel Module fuse.
Jul 23 03:50:44 ip-172-31-31-43 systemd[1]: Finished File System Check on Root Device.
Jul 23 03:50:44 ip-172-31-31-43 systemd[1]: Finished Load Kernel Modules.
Jul 23 03:50:44 ip-172-31-31-43 systemd[1]: Mounting FUSE Control File System...
Jul 23 03:50:44 ip-172-31-31-43 systemd[1]: Mounting Kernel Configuration File System...
Jul 23 03:50:44 ip-172-31-31-43 systemd[1]: Started File System Check Daemon to report status.
Jul 23 03:50:44 ip-172-31-31-43 systemd[1]: Starting Remount Root and Kernel File Systems...
Jul 23 03:50:44 ip-172-31-31-43 systemd[1]: Starting Apply Kernel Variables...
Jul 23 03:50:44 ip-172-31-31-43 systemd[1]: Finished Set the console keyboard layout.
Jul 23 03:50:44 ip-172-31-31-43 systemd[1]: Mounted FUSE Control File System.
Jul 23 03:50:44 ip-172-31-31-43 systemd[1]: Mounted Kernel Configuration File System.
Jul 23 03:50:44 ip-172-31-31-43 systemd[1]: Finished Apply Kernel Variables.
Jul 23 03:50:44 ip-172-31-31-43 systemd[1]: Finished Coldplug All udev Devices.
Jul 23 03:50:44 ip-172-31-31-43 systemd[1]: Finished Remount Root and Kernel File Systems.
Jul 23 03:50:44 ip-172-31-31-43 systemd[1]: Starting Device-Mapper Multipath Device Controller...
Jul 23 03:50:44 ip-172-31-31-43 systemd[1]: Starting Flush Journal to Persistent Storage...
Jul 23 03:50:44 ip-172-31-31-43 systemd[1]: Condition check resulted in Platform Persistent Storage Archival being skipped.
Jul 23 03:50:44 ip-172-31-31-43 systemd[1]: Starting Load/Save Random Seed...
Jul 23 03:50:44 ip-172-31-31-43 systemd[1]: Starting Create System Users...
Jul 23 03:50:44 ip-172-31-31-43 systemd[1]: Finished Load/Save Random Seed.
Jul 23 03:50:44 ip-172-31-31-43 systemd[1]: Condition check resulted in First Boot Complete being skipped.
Jul 23 03:50:44 ip-172-31-31-43 systemd[1]: Finished Create System Users.
Jul 23 03:50:44 ip-172-31-31-43 systemd[1]: Starting Create Static Device Nodes in /dev...
Jul 23 03:50:44 ip-172-31-31-43 systemd[1]: Finished Create Static Device Nodes in /dev.
Jul 23 03:50:44 ip-172-31-31-43 systemd[1]: Starting Rule-based Manager for Device Events and Files...
Jul 23 03:50:44 ip-172-31-31-43 systemd[1]: Finished Flush Journal to Persistent Storage.
Jul 23 03:50:44 ip-172-31-31-43 systemd[1]: Started Rule-based Manager for Device Events and Files.
Jul 23 03:50:44 ip-172-31-31-43 systemd[1]: Condition check resulted in Show Plymouth Boot Screen being skipped.
Jul 23 03:50:44 ip-172-31-31-43 systemd[1]: Started Dispatch Password Requests to Console Directory Watch.
Jul 23 03:50:44 ip-172-31-31-43 systemd[1]: Condition check resulted in Forward Password Requests to Plymouth Directory Watch being skipped.
Jul 23 03:50:44 ip-172-31-31-43 systemd[1]: Reached target Local Encrypted Volumes.
Jul 23 03:50:44 ip-172-31-31-43 multipathd[155]: --------start up--------
Jul 23 03:50:44 ip-172-31-31-43 multipathd[155]: read /etc/multipath.conf
Jul 23 03:50:44 ip-172-31-31-43 multipathd[155]: path checkers start up
Jul 23 03:50:44 ip-172-31-31-43 systemd[1]: Started Device-Mapper Multipath Device Controller.
Jul 23 03:50:44 ip-172-31-31-43 multipath: nvme0n1: uid = nvme.1d0f-766f6c3031643962343463396166363634616436-416d617a6f6e20456c617374696320426c6f636b2053746f7265-00000001 (sysfs)
Jul 23 03:50:44 ip-172-31-31-43 systemd[1]: Found device /dev/ttyS0.
Jul 23 03:50:44 ip-172-31-31-43 systemd[1]: Listening on Load/Save RF Kill Switch Status /dev/rfkill Watch.
Jul 23 03:50:44 ip-172-31-31-43 systemd-udevd[168]: nvme0n1: Process '/usr/bin/unshare -m /usr/bin/snap auto-import --mount=/dev/nvme0n1' failed with exit code 1.
Jul 23 03:50:44 ip-172-31-31-43 systemd-udevd[161]: Using default interface naming scheme 'v249'.
Jul 23 03:50:44 ip-172-31-31-43 systemd-udevd[164]: nvme0n1p14: Process '/usr/bin/unshare -m /usr/bin/snap auto-import --mount=/dev/nvme0n1p14' failed with exit code 1.
Jul 23 03:50:44 ip-172-31-31-43 systemd-udevd[174]: nvme0n1p1: Process '/usr/bin/unshare -m /usr/bin/snap auto-import --mount=/dev/nvme0n1p1' failed with exit code 1.
Jul 23 03:50:44 ip-172-31-31-43 systemd-udevd[171]: nvme0n1p15: Process '/usr/bin/unshare -m /usr/bin/snap auto-import --mount=/dev/nvme0n1p15' failed with exit code 1.
Jul 23 03:50:44 ip-172-31-31-43 systemd[1]: Found device Amazon Elastic Block Store UEFI.
Jul 23 03:50:44 ip-172-31-31-43 systemd-udevd[174]: Using default interface naming scheme 'v249'.
Jul 23 03:50:44 ip-172-31-31-43 systemd[1]: Finished Monitoring of LVM2 mirrors, snapshots etc. using dmeventd or progress polling.
Jul 23 03:50:44 ip-172-31-31-43 systemd[1]: Reached target Preparation for Local File Systems.
Jul 23 03:50:44 ip-172-31-31-43 systemd[1]: Mounting Mount unit for amazon-ssm-agent, revision 7993...
Jul 23 03:50:44 ip-172-31-31-43 systemd[1]: Mounting Mount unit for core18, revision 2829...
Jul 23 03:50:44 ip-172-31-31-43 systemd[1]: Mounting Mount unit for core20, revision 2318...
Jul 23 03:50:44 ip-172-31-31-43 systemd[1]: Mounting Mount unit for lxd, revision 29351...
Jul 23 03:50:44 ip-172-31-31-43 systemd[1]: Mounting Mount unit for snapd, revision 21759...
Jul 23 03:50:44 ip-172-31-31-43 systemd[1]: Starting File System Check on /dev/disk/by-label/UEFI...
Jul 23 03:50:44 ip-172-31-31-43 systemd[1]: Mounted Mount unit for amazon-ssm-agent, revision 7993.
Jul 23 03:50:44 ip-172-31-31-43 systemd[1]: Mounted Mount unit for lxd, revision 29351.
Jul 23 03:50:44 ip-172-31-31-43 systemd[1]: Mounted Mount unit for core18, revision 2829.
Jul 23 03:50:44 ip-172-31-31-43 systemd[1]: Mounted Mount unit for core20, revision 2318.
Jul 23 03:50:44 ip-172-31-31-43 systemd[1]: Mounted Mount unit for snapd, revision 21759.
Jul 23 03:50:44 ip-172-31-31-43 systemd[1]: Reached target Mounted snaps.
Jul 23 03:50:44 ip-172-31-31-43 systemd-fsck[246]: fsck.fat 4.2 (2021-01-31)
Jul 23 03:50:44 ip-172-31-31-43 systemd-fsck[246]: /dev/nvme0n1p15: 12 files, 12371/213663 clusters
Jul 23 03:50:44 ip-172-31-31-43 systemd[1]: Finished File System Check on /dev/disk/by-label/UEFI.
Jul 23 03:50:44 ip-172-31-31-43 systemd[1]: Mounting /boot/efi...
Jul 23 03:50:44 ip-172-31-31-43 systemd[1]: Mounted /boot/efi.
Jul 23 03:50:44 ip-172-31-31-43 kernel: [    0.220717] rcu: Hierarchical SRCU implementation.
Jul 23 03:50:44 ip-172-31-31-43 kernel: [    0.221406] rcu: 	Max phase no-delay instances is 1000.
Jul 23 03:50:44 ip-172-31-31-43 kernel: [    0.222461] NMI watchdog: Perf NMI watchdog permanently disabled
Jul 23 03:50:44 ip-172-31-31-43 kernel: [    0.222922] smp: Bringing up secondary CPUs ...
Jul 23 03:50:44 ip-172-31-31-43 kernel: [    0.223693] smpboot: x86: Booting SMP configuration:
Jul 23 03:50:44 ip-172-31-31-43 kernel: [    0.224396] .... node  #0, CPUs:      #1
Jul 23 03:50:44 ip-172-31-31-43 kernel: [    0.224711] MDS CPU bug present and SMT on, data leak possible. See https://www.kernel.org/doc/html/latest/admin-guide/hw-vuln/mds.html for more details.
Jul 23 03:50:44 ip-172-31-31-43 kernel: [    0.226880] MMIO Stale Data CPU bug present and SMT on, data leak possible. See https://www.kernel.org/doc/html/latest/admin-guide/hw-vuln/processor_mmio_stale_data.html for more details.
Jul 23 03:50:44 ip-172-31-31-43 kernel: [    0.229200] smp: Brought up 1 node, 2 CPUs
Jul 23 03:50:44 ip-172-31-31-43 kernel: [    0.229775] smpboot: Max logical packages: 1
Jul 23 03:50:44 ip-172-31-31-43 kernel: [    0.230368] smpboot: Total of 2 processors activated (9999.97 BogoMIPS)
Jul 23 03:50:44 ip-172-31-31-43 kernel: [    0.231401] devtmpfs: initialized
Jul 23 03:50:44 ip-172-31-31-43 kernel: [    0.231401] x86/mm: Memory block size: 128MB
Jul 23 03:50:44 ip-172-31-31-43 kernel: [    0.232236] ACPI: PM: Registering ACPI NVS region [mem 0xbbf5e000-0xbbfddfff] (524288 bytes)
Jul 23 03:50:44 ip-172-31-31-43 kernel: [    0.232236] clocksource: jiffies: mask: 0xffffffff max_cycles: 0xffffffff, max_idle_ns: 7645041785100000 ns
Jul 23 03:50:44 ip-172-31-31-43 kernel: [    0.234887] futex hash table entries: 512 (order: 3, 32768 bytes, linear)
Jul 23 03:50:44 ip-172-31-31-43 kernel: [    0.235889] pinctrl core: initialized pinctrl subsystem
Jul 23 03:50:44 ip-172-31-31-43 kernel: [    0.236824] PM: RTC time: 03:50:34, date: 2024-07-23
Jul 23 03:50:44 ip-172-31-31-43 kernel: [    0.238224] NET: Registered PF_NETLINK/PF_ROUTE protocol family
Jul 23 03:50:44 ip-172-31-31-43 kernel: [    0.239146] DMA: preallocated 1024 KiB GFP_KERNEL pool for atomic allocations
Jul 23 03:50:44 ip-172-31-31-43 kernel: [    0.240763] DMA: preallocated 1024 KiB GFP_KERNEL|GFP_DMA pool for atomic allocations
Jul 23 03:50:44 ip-172-31-31-43 kernel: [    0.242016] DMA: preallocated 1024 KiB GFP_KERNEL|GFP_DMA32 pool for atomic allocations
Jul 23 03:50:44 ip-172-31-31-43 kernel: [    0.242889] audit: initializing netlink subsys (disabled)
Jul 23 03:50:44 ip-172-31-31-43 kernel: [    0.243649] audit: type=2000 audit(1721706635.028:1): state=initialized audit_enabled=0 res=1
Jul 23 03:50:44 ip-172-31-31-43 kernel: [    0.243649] thermal_sys: Registered thermal governor 'fair_share'
Jul 23 03:50:44 ip-172-31-31-43 kernel: [    0.244083] thermal_sys: Registered thermal governor 'bang_bang'
Jul 23 03:50:44 ip-172-31-31-43 kernel: [    0.244931] thermal_sys: Registered thermal governor 'step_wise'
Jul 23 03:50:44 ip-172-31-31-43 kernel: [    0.244931] thermal_sys: Registered thermal governor 'user_space'
Jul 23 03:50:44 ip-172-31-31-43 kernel: [    0.244931] thermal_sys: Registered thermal governor 'power_allocator'
Jul 23 03:50:44 ip-172-31-31-43 kernel: [    0.244931] EISA bus registered
Jul 23 03:50:44 ip-172-31-31-43 kernel: [    0.246889] cpuidle: using governor ladder
Jul 23 03:50:44 ip-172-31-31-43 kernel: [    0.247461] cpuidle: using governor menu
Jul 23 03:50:44 ip-172-31-31-43 kernel: [    0.250874] acpiphp: ACPI Hot Plug PCI Controller Driver version: 0.5
Jul 23 03:50:44 ip-172-31-31-43 kernel: [    0.251899] PCI: Using configuration type 1 for base access
Jul 23 03:50:44 ip-172-31-31-43 kernel: [    0.252850] kprobes: kprobe jump-optimization is enabled. All kprobes are optimized if possible.
Jul 23 03:50:44 ip-172-31-31-43 kernel: [    0.262897] HugeTLB: registered 1.00 GiB page size, pre-allocated 0 pages
Jul 23 03:50:44 ip-172-31-31-43 kernel: [    0.263920] HugeTLB: 16380 KiB vmemmap can be freed for a 1.00 GiB page
Jul 23 03:50:44 ip-172-31-31-43 kernel: [    0.264920] HugeTLB: registered 2.00 MiB page size, pre-allocated 0 pages
Jul 23 03:50:44 ip-172-31-31-43 kernel: [    0.265914] HugeTLB: 28 KiB vmemmap can be freed for a 2.00 MiB page
Jul 23 03:50:44 ip-172-31-31-43 kernel: [    0.284537] fbcon: Taking over console
Jul 23 03:50:44 ip-172-31-31-43 kernel: [    0.284537] ACPI: Added _OSI(Module Device)
Jul 23 03:50:44 ip-172-31-31-43 kernel: [    0.284537] ACPI: Added _OSI(Processor Device)
Jul 23 03:50:44 ip-172-31-31-43 kernel: [    0.284537] ACPI: Added _OSI(3.0 _SCP Extensions)
Jul 23 03:50:44 ip-172-31-31-43 kernel: [    0.284537] ACPI: Added _OSI(Processor Aggregator Device)
Jul 23 03:50:44 ip-172-31-31-43 kernel: [    0.285446] ACPI: 3 ACPI AML tables successfully acquired and loaded
Jul 23 03:50:44 ip-172-31-31-43 kernel: [    0.287092] ACPI: Interpreter enabled
Jul 23 03:50:44 ip-172-31-31-43 kernel: [    0.287625] ACPI: PM: (supports S0 S4 S5)
Jul 23 03:50:44 ip-172-31-31-43 kernel: [    0.288190] ACPI: Using IOAPIC for interrupt routing
Jul 23 03:50:44 ip-172-31-31-43 kernel: [    0.288985] PCI: Using host bridge windows from ACPI; if necessary, use "pci=nocrs" and report a bug
Jul 23 03:50:44 ip-172-31-31-43 kernel: [    0.290256] PCI: Using E820 reservations for host bridge windows
Jul 23 03:50:44 ip-172-31-31-43 kernel: [    0.294967] ACPI: Enabled 2 GPEs in block 00 to 0F
Jul 23 03:50:44 ip-172-31-31-43 kernel: [    0.297855] ACPI: PCI Root Bridge [PCI0] (domain 0000 [bus 00-ff])
Jul 23 03:50:44 ip-172-31-31-43 kernel: [    0.298723] acpi PNP0A03:00: _OSC: OS supports [ASPM ClockPM Segments MSI EDR HPX-Type3]
Jul 23 03:50:44 ip-172-31-31-43 kernel: [    0.298874] acpi PNP0A03:00: _OSC: not requesting OS control; OS requires [ExtendedConfig ASPM ClockPM MSI]
Jul 23 03:50:44 ip-172-31-31-43 kernel: [    0.300219] acpi PNP0A03:00: fail to add MMCONFIG information, can't access extended configuration space under this bridge
Jul 23 03:50:44 ip-172-31-31-43 kernel: [    0.302075] acpiphp: Slot [3] registered
Jul 23 03:50:44 ip-172-31-31-43 kernel: [    0.302650] acpiphp: Slot [4] registered
Jul 23 03:50:44 ip-172-31-31-43 kernel: [    0.302885] acpiphp: Slot [5] registered
Jul 23 03:50:44 ip-172-31-31-43 kernel: [    0.303469] acpiphp: Slot [6] registered
Jul 23 03:50:44 ip-172-31-31-43 kernel: [    0.304035] acpiphp: Slot [7] registered
Jul 23 03:50:44 ip-172-31-31-43 kernel: [    0.304606] acpiphp: Slot [8] registered
Jul 23 03:50:44 ip-172-31-31-43 kernel: [    0.305169] acpiphp: Slot [9] registered
Jul 23 03:50:44 ip-172-31-31-43 kernel: [    0.305737] acpiphp: Slot [10] registered
Jul 23 03:50:44 ip-172-31-31-43 kernel: [    0.306315] acpiphp: Slot [11] registered
Jul 23 03:50:44 ip-172-31-31-43 kernel: [    0.306884] acpiphp: Slot [12] registered
Jul 23 03:50:44 ip-172-31-31-43 kernel: [    0.307461] acpiphp: Slot [13] registered
Jul 23 03:50:44 ip-172-31-31-43 kernel: [    0.308037] acpiphp: Slot [14] registered
Jul 23 03:50:44 ip-172-31-31-43 kernel: [    0.308617] acpiphp: Slot [15] registered
Jul 23 03:50:44 ip-172-31-31-43 kernel: [    0.309189] acpiphp: Slot [16] registered
Jul 23 03:50:44 ip-172-31-31-43 kernel: [    0.309769] acpiphp: Slot [17] registered
Jul 23 03:50:44 ip-172-31-31-43 kernel: [    0.310346] acpiphp: Slot [18] registered
Jul 23 03:50:44 ip-172-31-31-43 kernel: [    0.310885] acpiphp: Slot [19] registered
Jul 23 03:50:44 ip-172-31-31-43 kernel: [    0.311462] acpiphp: Slot [20] registered
Jul 23 03:50:44 ip-172-31-31-43 kernel: [    0.312039] acpiphp: Slot [21] registered
Jul 23 03:50:44 ip-172-31-31-43 kernel: [    0.312624] acpiphp: Slot [22] registered
Jul 23 03:50:44 ip-172-31-31-43 kernel: [    0.313202] acpiphp: Slot [23] registered
Jul 23 03:50:44 ip-172-31-31-43 kernel: [    0.313794] acpiphp: Slot [24] registered
Jul 23 03:50:44 ip-172-31-31-43 kernel: [    0.314374] acpiphp: Slot [25] registered
Jul 23 03:50:44 ip-172-31-31-43 kernel: [    0.314884] acpiphp: Slot [26] registered
Jul 23 03:50:44 ip-172-31-31-43 kernel: [    0.315460] acpiphp: Slot [27] registered
Jul 23 03:50:44 ip-172-31-31-43 kernel: [    0.316036] acpiphp: Slot [28] registered
Jul 23 03:50:44 ip-172-31-31-43 kernel: [    0.316625] acpiphp: Slot [29] registered
Jul 23 03:50:44 ip-172-31-31-43 kernel: [    0.317205] acpiphp: Slot [30] registered
Jul 23 03:50:44 ip-172-31-31-43 kernel: [    0.317784] acpiphp: Slot [31] registered
Jul 23 03:50:44 ip-172-31-31-43 kernel: [    0.318356] PCI host bridge to bus 0000:00
Jul 23 03:50:44 ip-172-31-31-43 kernel: [    0.318872] pci_bus 0000:00: root bus resource [io  0x0000-0x0cf7 window]
Jul 23 03:50:44 ip-172-31-31-43 kernel: [    0.319816] pci_bus 0000:00: root bus resource [io  0x0d00-0xffff window]
Jul 23 03:50:44 ip-172-31-31-43 kernel: [    0.320761] pci_bus 0000:00: root bus resource [mem 0x000a0000-0x000bffff window]
Jul 23 03:50:44 ip-172-31-31-43 kernel: [    0.321798] pci_bus 0000:00: root bus resource [mem 0xc0000000-0xfebfffff window]
Jul 23 03:50:44 ip-172-31-31-43 kernel: [    0.322837] pci_bus 0000:00: root bus resource [mem 0x240000000-0x20023fffffff window]
Jul 23 03:50:44 ip-172-31-31-43 kernel: [    0.322873] pci_bus 0000:00: root bus resource [bus 00-ff]
Jul 23 03:50:44 ip-172-31-31-43 kernel: [    0.323681] pci 0000:00:00.0: [8086:1237] type 00 class 0x060000
Jul 23 03:50:44 ip-172-31-31-43 kernel: [    0.324843] pci 0000:00:01.0: [8086:7000] type 00 class 0x060100
Jul 23 03:50:44 ip-172-31-31-43 kernel: [    0.326534] pci 0000:00:01.3: [8086:7113] type 00 class 0x000000
Jul 23 03:50:44 ip-172-31-31-43 kernel: [    0.327525] pci 0000:00:01.3: quirk: [io  0xb000-0xb03f] claimed by PIIX4 ACPI
Jul 23 03:50:44 ip-172-31-31-43 kernel: [    0.328583] pci 0000:00:01.3: PIIX4 devres E PIO at fff0-ffff
Jul 23 03:50:44 ip-172-31-31-43 kernel: [    0.329395] pci 0000:00:01.3: PIIX4 devres F MMIO at ffc00000-ffffffff
Jul 23 03:50:44 ip-172-31-31-43 kernel: [    0.330312] pci 0000:00:01.3: PIIX4 devres G PIO at fff0-ffff
Jul 23 03:50:44 ip-172-31-31-43 kernel: [    0.330884] pci 0000:00:01.3: PIIX4 devres H MMIO at ffc00000-ffffffff
Jul 23 03:50:44 ip-172-31-31-43 kernel: [    0.331818] pci 0000:00:01.3: PIIX4 devres I PIO at fff0-ffff
Jul 23 03:50:44 ip-172-31-31-43 kernel: [    0.332633] pci 0000:00:01.3: PIIX4 devres J PIO at fff0-ffff
Jul 23 03:50:44 ip-172-31-31-43 kernel: [    0.333915] pci 0000:00:03.0: [1d0f:1111] type 00 class 0x030000
Jul 23 03:50:44 ip-172-31-31-43 kernel: [    0.335121] pci 0000:00:03.0: reg 0x10: [mem 0xc0000000-0xc03fffff pref]
Jul 23 03:50:44 ip-172-31-31-43 kernel: [    0.337866] pci 0000:00:03.0: reg 0x30: [mem 0xffff0000-0xffffffff pref]
Jul 23 03:50:44 ip-172-31-31-43 kernel: [    0.338854] pci 0000:00:03.0: BAR 0: assigned to efifb
Jul 23 03:50:44 ip-172-31-31-43 kernel: [    0.342911] pci 0000:00:03.0: Video device with shadowed ROM at [mem 0x000c0000-0x000dffff]
Jul 23 03:50:44 ip-172-31-31-43 kernel: [    0.344306] pci 0000:00:04.0: [1d0f:8061] type 00 class 0x010802
Jul 23 03:50:44 ip-172-31-31-43 kernel: [    0.346406] pci 0000:00:04.0: reg 0x10: [mem 0xc0514000-0xc0517fff]
Jul 23 03:50:44 ip-172-31-31-43 kernel: [    0.351118] pci 0000:00:05.0: [1d0f:ec20] type 00 class 0x020000
Jul 23 03:50:44 ip-172-31-31-43 kernel: [    0.353129] pci 0000:00:05.0: reg 0x10: [mem 0xc0510000-0xc0513fff]
Jul 23 03:50:44 ip-172-31-31-43 kernel: [    0.355867] pci 0000:00:05.0: reg 0x18: [mem 0xc0400000-0xc04fffff pref]
Jul 23 03:50:44 ip-172-31-31-43 kernel: [    0.358790] pci 0000:00:05.0: reg 0x20: [mem 0xc0500000-0xc050ffff]
Jul 23 03:50:44 ip-172-31-31-43 kernel: [    0.368213] ACPI: PCI: Interrupt link LNKA configured for IRQ 10
Jul 23 03:50:44 ip-172-31-31-43 kernel: [    0.369151] ACPI: PCI: Interrupt link LNKB configured for IRQ 10
Jul 23 03:50:44 ip-172-31-31-43 kernel: [    0.370088] ACPI: PCI: Interrupt link LNKC configured for IRQ 11
Jul 23 03:50:44 ip-172-31-31-43 kernel: [    0.370968] ACPI: PCI: Interrupt link LNKD configured for IRQ 11
Jul 23 03:50:44 ip-172-31-31-43 kernel: [    0.371843] ACPI: PCI: Interrupt link LNKS configured for IRQ 9
Jul 23 03:50:44 ip-172-31-31-43 kernel: [    0.372968] iommu: Default domain type: Translated
Jul 23 03:50:44 ip-172-31-31-43 kernel: [    0.374874] iommu: DMA domain TLB invalidation policy: lazy mode
Jul 23 03:50:44 ip-172-31-31-43 kernel: [    0.375871] SCSI subsystem initialized
Jul 23 03:50:44 ip-172-31-31-43 kernel: [    0.376408] libata version 3.00 loaded.
Jul 23 03:50:44 ip-172-31-31-43 kernel: [    0.376408] ACPI: bus type USB registered
Jul 23 03:50:44 ip-172-31-31-43 kernel: [    0.376408] usbcore: registered new interface driver usbfs
Jul 23 03:50:44 ip-172-31-31-43 kernel: [    0.376408] usbcore: registered new interface driver hub
Jul 23 03:50:44 ip-172-31-31-43 kernel: [    0.377034] usbcore: registered new device driver usb
Jul 23 03:50:44 ip-172-31-31-43 kernel: [    0.377765] pps_core: LinuxPPS API ver. 1 registered
Jul 23 03:50:44 ip-172-31-31-43 kernel: [    0.378456] pps_core: Software ver. 5.3.6 - Copyright 2005-2007 Rodolfo Giometti <giometti@linux.it>
Jul 23 03:50:44 ip-172-31-31-43 kernel: [    0.378876] PTP clock support registered
Jul 23 03:50:44 ip-172-31-31-43 kernel: [    0.379439] EDAC MC: Ver: 3.0.0
Jul 23 03:50:44 ip-172-31-31-43 kernel: [    0.379473] efivars: Registered efivars operations
Jul 23 03:50:44 ip-172-31-31-43 kernel: [    0.383061] NetLabel: Initializing
Jul 23 03:50:44 ip-172-31-31-43 kernel: [    0.383547] NetLabel:  domain hash size = 128
Jul 23 03:50:44 ip-172-31-31-43 kernel: [    0.384172] NetLabel:  protocols = UNLABELED CIPSOv4 CALIPSO
Jul 23 03:50:44 ip-172-31-31-43 kernel: [    0.384172] NetLabel:  unlabeled traffic allowed by default
Jul 23 03:50:44 ip-172-31-31-43 kernel: [    0.384172] mctp: management component transport protocol core
Jul 23 03:50:44 ip-172-31-31-43 kernel: [    0.384172] NET: Registered PF_MCTP protocol family
Jul 23 03:50:44 ip-172-31-31-43 kernel: [    0.384378] PCI: Using ACPI for IRQ routing
Jul 23 03:50:44 ip-172-31-31-43 kernel: [    0.384964] PCI: pci_cache_line_size set to 64 bytes
Jul 23 03:50:44 ip-172-31-31-43 kernel: [    0.385070] e820: reserve RAM buffer [mem 0xb9e8d018-0xbbffffff]
Jul 23 03:50:44 ip-172-31-31-43 kernel: [    0.385072] e820: reserve RAM buffer [mem 0xb9f3e000-0xbbffffff]
Jul 23 03:50:44 ip-172-31-31-43 kernel: [    0.385074] e820: reserve RAM buffer [mem 0xbbcce000-0xbbffffff]
Jul 23 03:50:44 ip-172-31-31-43 kernel: [    0.385075] e820: reserve RAM buffer [mem 0xbff7c000-0xbfffffff]
Jul 23 03:50:44 ip-172-31-31-43 kernel: [    0.385077] e820: reserve RAM buffer [mem 0x238a00000-0x23bffffff]
Jul 23 03:50:44 ip-172-31-31-43 kernel: [    0.386888] pci 0000:00:03.0: vgaarb: setting as boot VGA device
Jul 23 03:50:44 ip-172-31-31-43 kernel: [    0.387732] pci 0000:00:03.0: vgaarb: bridge control possible
Jul 23 03:50:44 ip-172-31-31-43 kernel: [    0.388525] pci 0000:00:03.0: vgaarb: VGA device added: decodes=io+mem,owns=io+mem,locks=none
Jul 23 03:50:44 ip-172-31-31-43 kernel: [    0.390872] vgaarb: loaded
Jul 23 03:50:44 ip-172-31-31-43 kernel: [    0.391265] hpet0: at MMIO 0xfed00000, IRQs 2, 8, 0, 0, 0, 0, 0, 0
Jul 23 03:50:44 ip-172-31-31-43 kernel: [    0.391798] hpet0: 8 comparators, 32-bit 62.500000 MHz counter
Jul 23 03:50:44 ip-172-31-31-43 kernel: [    0.396938] clocksource: Switched to clocksource kvm-clock
Jul 23 03:50:44 ip-172-31-31-43 kernel: [    0.407323] VFS: Disk quotas dquot_6.6.0
Jul 23 03:50:44 ip-172-31-31-43 kernel: [    0.407899] VFS: Dquot-cache hash table entries: 512 (order 0, 4096 bytes)
Jul 23 03:50:44 ip-172-31-31-43 kernel: [    0.409000] AppArmor: AppArmor Filesystem Enabled
Jul 23 03:50:44 ip-172-31-31-43 kernel: [    0.409680] pnp: PnP ACPI init
Jul 23 03:50:44 ip-172-31-31-43 kernel: [    0.410546] pnp: PnP ACPI: found 5 devices
Jul 23 03:50:44 ip-172-31-31-43 kernel: [    0.417844] clocksource: acpi_pm: mask: 0xffffff max_cycles: 0xffffff, max_idle_ns: 2085701024 ns
Jul 23 03:50:44 ip-172-31-31-43 kernel: [    0.419150] NET: Registered PF_INET protocol family
Jul 23 03:50:44 ip-172-31-31-43 kernel: [    0.420028] IP idents hash table entries: 131072 (order: 8, 1048576 bytes, linear)
Jul 23 03:50:44 ip-172-31-31-43 kernel: [    0.422860] tcp_listen_portaddr_hash hash table entries: 4096 (order: 4, 65536 bytes, linear)
Jul 23 03:50:44 ip-172-31-31-43 kernel: [    0.424089] Table-perturb hash table entries: 65536 (order: 6, 262144 bytes, linear)
Jul 23 03:50:44 ip-172-31-31-43 kernel: [    0.425267] TCP established hash table entries: 65536 (order: 7, 524288 bytes, linear)
Jul 23 03:50:44 ip-172-31-31-43 kernel: [    0.426738] TCP bind hash table entries: 65536 (order: 9, 2097152 bytes, linear)
Jul 23 03:50:44 ip-172-31-31-43 kernel: [    0.427988] TCP: Hash tables configured (established 65536 bind 65536)
Jul 23 03:50:44 ip-172-31-31-43 kernel: [    0.429006] MPTCP token hash table entries: 8192 (order: 5, 196608 bytes, linear)
Jul 23 03:50:44 ip-172-31-31-43 kernel: [    0.430082] UDP hash table entries: 4096 (order: 5, 131072 bytes, linear)
Jul 23 03:50:44 ip-172-31-31-43 kernel: [    0.431063] UDP-Lite hash table entries: 4096 (order: 5, 131072 bytes, linear)
Jul 23 03:50:44 ip-172-31-31-43 kernel: [    0.432120] NET: Registered PF_UNIX/PF_LOCAL protocol family
Jul 23 03:50:44 ip-172-31-31-43 kernel: [    0.432922] NET: Registered PF_XDP protocol family
Jul 23 03:50:44 ip-172-31-31-43 kernel: [    0.433598] pci_bus 0000:00: resource 4 [io  0x0000-0x0cf7 window]
Jul 23 03:50:44 ip-172-31-31-43 kernel: [    0.434459] pci_bus 0000:00: resource 5 [io  0x0d00-0xffff window]
Jul 23 03:50:44 ip-172-31-31-43 kernel: [    0.435318] pci_bus 0000:00: resource 6 [mem 0x000a0000-0x000bffff window]
Jul 23 03:50:44 ip-172-31-31-43 kernel: [    0.436265] pci_bus 0000:00: resource 7 [mem 0xc0000000-0xfebfffff window]
Jul 23 03:50:44 ip-172-31-31-43 kernel: [    0.437220] pci_bus 0000:00: resource 8 [mem 0x240000000-0x20023fffffff window]
Jul 23 03:50:44 ip-172-31-31-43 kernel: [    0.438277] pci 0000:00:00.0: Limiting direct PCI/PCI transfers
Jul 23 03:50:44 ip-172-31-31-43 kernel: [    0.439185] PCI: CLS 0 bytes, default 64
Jul 23 03:50:44 ip-172-31-31-43 kernel: [    0.439744] PCI-DMA: Using software bounce buffering for IO (SWIOTLB)
Jul 23 03:50:44 ip-172-31-31-43 kernel: [    0.439813] Trying to unpack rootfs image as initramfs...
Jul 23 03:50:44 ip-172-31-31-43 kernel: [    0.440637] software IO TLB: mapped [mem 0x00000000b4eac000-0x00000000b8eac000] (64MB)
Jul 23 03:50:44 ip-172-31-31-43 kernel: [    0.442919] clocksource: tsc: mask: 0xffffffffffffffff max_cycles: 0x240933eba6e, max_idle_ns: 440795246008 ns
Jul 23 03:50:44 ip-172-31-31-43 kernel: [    0.444686] clocksource: Switched to clocksource tsc
Jul 23 03:50:44 ip-172-31-31-43 kernel: [    0.445989] Initialise system trusted keyrings
Jul 23 03:50:44 ip-172-31-31-43 kernel: [    0.446892] Key type blacklist registered
Jul 23 03:50:44 ip-172-31-31-43 kernel: [    0.447206] Freeing initrd memory: 7848K
Jul 23 03:50:44 ip-172-31-31-43 kernel: [    0.448127] workingset: timestamp_bits=36 max_order=21 bucket_order=0
Jul 23 03:50:44 ip-172-31-31-43 kernel: [    0.449051] zbud: loaded
Jul 23 03:50:44 ip-172-31-31-43 kernel: [    0.449626] squashfs: version 4.0 (2009/01/31) Phillip Lougher
Jul 23 03:50:44 ip-172-31-31-43 kernel: [    0.450544] fuse: init (API version 7.38)
Jul 23 03:50:44 ip-172-31-31-43 kernel: [    0.451237] integrity: Platform Keyring initialized
Jul 23 03:50:44 ip-172-31-31-43 kernel: [    0.451926] integrity: Machine keyring initialized
Jul 23 03:50:44 ip-172-31-31-43 kernel: [    0.460021] Key type asymmetric registered
Jul 23 03:50:44 ip-172-31-31-43 kernel: [    0.460599] Asymmetric key parser 'x509' registered
Jul 23 03:50:44 ip-172-31-31-43 kernel: [    0.461316] Block layer SCSI generic (bsg) driver version 0.4 loaded (major 243)
Jul 23 03:50:44 ip-172-31-31-43 kernel: [    0.462393] io scheduler mq-deadline registered
Jul 23 03:50:44 ip-172-31-31-43 kernel: [    0.463155] shpchp: Standard Hot Plug PCI Controller Driver version: 0.4
Jul 23 03:50:44 ip-172-31-31-43 kernel: [    0.464183] input: Power Button as /devices/LNXSYSTM:00/LNXPWRBN:00/input/input0
Jul 23 03:50:44 ip-172-31-31-43 kernel: [    0.465296] ACPI: button: Power Button [PWRF]
Jul 23 03:50:44 ip-172-31-31-43 kernel: [    0.465932] input: Sleep Button as /devices/LNXSYSTM:00/LNXSLPBN:00/input/input1
Jul 23 03:50:44 ip-172-31-31-43 kernel: [    0.467000] ACPI: button: Sleep Button [SLPF]
Jul 23 03:50:44 ip-172-31-31-43 kernel: [    0.467910] Serial: 8250/16550 driver, 4 ports, IRQ sharing enabled
Jul 23 03:50:44 ip-172-31-31-43 kernel: [    0.493957] 00:04: ttyS0 at I/O 0x3f8 (irq = 4, base_baud = 115200) is a 16550A
Jul 23 03:50:44 ip-172-31-31-43 kernel: [    0.495641] Linux agpgart interface v0.103
Jul 23 03:50:44 ip-172-31-31-43 kernel: [    0.497551] loop: module loaded
Jul 23 03:50:44 ip-172-31-31-43 kernel: [    0.498454] nvme nvme0: pci function 0000:00:04.0
Jul 23 03:50:44 ip-172-31-31-43 kernel: [    0.498528] tun: Universal TUN/TAP device driver, 1.6
Jul 23 03:50:44 ip-172-31-31-43 kernel: [    0.499525] ACPI: \_SB_.LNKD: Enabled at IRQ 11
Jul 23 03:50:44 ip-172-31-31-43 kernel: [    0.499931] PPP generic driver version 2.4.2
Jul 23 03:50:44 ip-172-31-31-43 kernel: [    0.501287] i8042: PNP: PS/2 Controller [PNP0303:KBD,PNP0f13:MOU] at 0x60,0x64 irq 1,12
Jul 23 03:50:44 ip-172-31-31-43 kernel: [    0.502630] i8042: Warning: Keylock active
Jul 23 03:50:44 ip-172-31-31-43 kernel: [    0.504195] serio: i8042 KBD port at 0x60,0x64 irq 1
Jul 23 03:50:44 ip-172-31-31-43 kernel: [    0.504882] serio: i8042 AUX port at 0x60,0x64 irq 12
Jul 23 03:50:44 ip-172-31-31-43 kernel: [    0.505704] mousedev: PS/2 mouse device common for all mice
Jul 23 03:50:44 ip-172-31-31-43 kernel: [    0.506747] rtc_cmos 00:00: RTC can wake from S4
Jul 23 03:50:44 ip-172-31-31-43 kernel: [    0.508425] rtc_cmos 00:00: registered as rtc0
Jul 23 03:50:44 ip-172-31-31-43 kernel: [    0.508944] nvme nvme0: 2/0/0 default/read/poll queues
Jul 23 03:50:44 ip-172-31-31-43 kernel: [    0.509313] rtc_cmos 00:00: setting system clock to 2024-07-23T03:50:34 UTC (1721706634)
Jul 23 03:50:44 ip-172-31-31-43 kernel: [    0.511135] rtc_cmos 00:00: alarms up to one day, 114 bytes nvram
Jul 23 03:50:44 ip-172-31-31-43 systemd[1]: Reached target Local File Systems.
Jul 23 03:50:44 ip-172-31-31-43 systemd[1]: Starting Load AppArmor profiles...
Jul 23 03:50:44 ip-172-31-31-43 systemd[1]: Starting Set console font and keymap...
Jul 23 03:50:44 ip-172-31-31-43 systemd[1]: Starting Create final runtime dir for shutdown pivot root...
Jul 23 03:50:44 ip-172-31-31-43 systemd[1]: Starting Tell Plymouth To Write Out Runtime Data...
Jul 23 03:50:44 ip-172-31-31-43 systemd[1]: Starting Set Up Additional Binary Formats...
Jul 23 03:50:44 ip-172-31-31-43 systemd[1]: Condition check resulted in Store a System Token in an EFI Variable being skipped.
Jul 23 03:50:44 ip-172-31-31-43 systemd[1]: Starting Commit a transient machine-id on disk...
Jul 23 03:50:44 ip-172-31-31-43 systemd[1]: Starting Create Volatile Files and Directories...
Jul 23 03:50:44 ip-172-31-31-43 systemd[1]: Starting Uncomplicated firewall...
Jul 23 03:50:44 ip-172-31-31-43 systemd[1]: Finished Set console font and keymap.
Jul 23 03:50:44 ip-172-31-31-43 systemd[1]: Finished Create final runtime dir for shutdown pivot root.
Jul 23 03:50:44 ip-172-31-31-43 systemd[1]: Finished Tell Plymouth To Write Out Runtime Data.
Jul 23 03:50:44 ip-172-31-31-43 systemd[1]: proc-sys-fs-binfmt_misc.automount: Got automount request for /proc/sys/fs/binfmt_misc, triggered by 256 (systemd-binfmt)
Jul 23 03:50:44 ip-172-31-31-43 systemd[1]: Mounting Arbitrary Executable File Formats File System...
Jul 23 03:50:44 ip-172-31-31-43 apparmor.systemd[250]: Restarting AppArmor
Jul 23 03:50:44 ip-172-31-31-43 apparmor.systemd[250]: Reloading AppArmor profiles
Jul 23 03:50:44 ip-172-31-31-43 systemd[1]: Mounted Arbitrary Executable File Formats File System.
Jul 23 03:50:44 ip-172-31-31-43 systemd[1]: Finished Set Up Additional Binary Formats.
Jul 23 03:50:44 ip-172-31-31-43 systemd[1]: Finished Uncomplicated firewall.
Jul 23 03:50:44 ip-172-31-31-43 systemd[1]: Finished Create Volatile Files and Directories.
Jul 23 03:50:44 ip-172-31-31-43 systemd[1]: Starting Record System Boot/Shutdown in UTMP...
Jul 23 03:50:44 ip-172-31-31-43 systemd[1]: Finished Record System Boot/Shutdown in UTMP.
Jul 23 03:50:44 ip-172-31-31-43 systemd[1]: Finished Commit a transient machine-id on disk.
Jul 23 03:50:44 ip-172-31-31-43 systemd[1]: etc-machine\x2did.mount: Deactivated successfully.
Jul 23 03:50:44 ip-172-31-31-43 apparmor.systemd[277]: Skipping profile in /etc/apparmor.d/disable: usr.sbin.rsyslogd
Jul 23 03:50:44 ip-172-31-31-43 systemd[1]: Finished Load AppArmor profiles.
Jul 23 03:50:44 ip-172-31-31-43 systemd[1]: Starting Load AppArmor profiles managed internally by snapd...
Jul 23 03:50:44 ip-172-31-31-43 systemd[1]: Condition check resulted in Authentication service for virtual machines hosted on VMware being skipped.
Jul 23 03:50:44 ip-172-31-31-43 systemd[1]: Condition check resulted in Service for virtual machines hosted on VMware being skipped.
Jul 23 03:50:44 ip-172-31-31-43 systemd[1]: Starting Initial cloud-init job (pre-networking)...
Jul 23 03:50:44 ip-172-31-31-43 snapd-apparmor[278]: main.go:124: Loading profiles [/var/lib/snapd/apparmor/profiles/snap-confine.snapd.21759 /var/lib/snapd/apparmor/profiles/snap-update-ns.amazon-ssm-agent /var/lib/snapd/apparmor/profiles/snap-update-ns.lxd /var/lib/snapd/apparmor/profiles/snap.amazon-ssm-agent.amazon-ssm-agent /var/lib/snapd/apparmor/profiles/snap.amazon-ssm-agent.ssm-cli /var/lib/snapd/apparmor/profiles/snap.lxd.activate /var/lib/snapd/apparmor/profiles/snap.lxd.benchmark /var/lib/snapd/apparmor/profiles/snap.lxd.buginfo /var/lib/snapd/apparmor/profiles/snap.lxd.check-kernel /var/lib/snapd/apparmor/profiles/snap.lxd.daemon /var/lib/snapd/apparmor/profiles/snap.lxd.hook.configure /var/lib/snapd/apparmor/profiles/snap.lxd.hook.install /var/lib/snapd/apparmor/profiles/snap.lxd.hook.remove /var/lib/snapd/apparmor/profiles/snap.lxd.lxc /var/lib/snapd/apparmor/profiles/snap.lxd.lxc-to-lxd /var/lib/snapd/apparmor/profiles/snap.lxd.lxd /var/lib/snapd/apparmor/profiles/snap.lxd.migrate /var/lib/snapd/apparmor/profiles/snap.lxd.user-daemon]
Jul 23 03:50:44 ip-172-31-31-43 cloud-init[298]: Cloud-init v. 24.1.3-0ubuntu1~22.04.5 running 'init-local' at Tue, 23 Jul 2024 03:50:39 +0000. Up 5.55 seconds.
Jul 23 03:50:44 ip-172-31-31-43 dhclient[302]: Internet Systems Consortium DHCP Client 4.4.1
Jul 23 03:50:44 ip-172-31-31-43 dhclient[302]: Copyright 2004-2018 Internet Systems Consortium.
Jul 23 03:50:44 ip-172-31-31-43 dhclient[302]: All rights reserved.
Jul 23 03:50:44 ip-172-31-31-43 dhclient[302]: For info, please visit https://www.isc.org/software/dhcp/
Jul 23 03:50:44 ip-172-31-31-43 dhclient[302]: 
Jul 23 03:50:44 ip-172-31-31-43 dhclient[306]: execve (/bin/true, ...): Permission denied
Jul 23 03:50:44 ip-172-31-31-43 dhclient[302]: Listening on LPF/ens5/02:f0:4c:7a:82:cb
Jul 23 03:50:44 ip-172-31-31-43 dhclient[302]: Sending on   LPF/ens5/02:f0:4c:7a:82:cb
Jul 23 03:50:44 ip-172-31-31-43 dhclient[302]: Sending on   Socket/fallback
Jul 23 03:50:44 ip-172-31-31-43 dhclient[302]: DHCPDISCOVER on ens5 to 255.255.255.255 port 67 interval 3 (xid=0x7707147b)
Jul 23 03:50:44 ip-172-31-31-43 dhclient[302]: DHCPOFFER of 172.31.31.43 from 172.31.16.1
Jul 23 03:50:44 ip-172-31-31-43 dhclient[302]: DHCPREQUEST for 172.31.31.43 on ens5 to 255.255.255.255 port 67 (xid=0x7b140777)
Jul 23 03:50:44 ip-172-31-31-43 dhclient[302]: DHCPACK of 172.31.31.43 from 172.31.16.1 (xid=0x7707147b)
Jul 23 03:50:44 ip-172-31-31-43 dhclient[307]: execve (/bin/true, ...): Permission denied
Jul 23 03:50:44 ip-172-31-31-43 kernel: [    0.512071] i2c_dev: i2c /dev entries driver
Jul 23 03:50:44 ip-172-31-31-43 kernel: [    0.512698] device-mapper: core: CONFIG_IMA_DISABLE_HTABLE is disabled. Duplicate IMA measurements will not be recorded in the IMA log.
Jul 23 03:50:44 ip-172-31-31-43 kernel: [    0.513356] GPT:Primary header thinks Alt. header is not at the end of the disk.
Jul 23 03:50:44 ip-172-31-31-43 kernel: [    0.514394] device-mapper: uevent: version 1.0.3
Jul 23 03:50:44 ip-172-31-31-43 kernel: [    0.515378] GPT:16777215 != 20971519
Jul 23 03:50:44 ip-172-31-31-43 kernel: [    0.516065] device-mapper: ioctl: 4.48.0-ioctl (2023-03-01) initialised: dm-devel@redhat.com
Jul 23 03:50:44 ip-172-31-31-43 kernel: [    0.516530] GPT:Alternate GPT header not at the end of the disk.
Jul 23 03:50:44 ip-172-31-31-43 kernel: [    0.517735] platform eisa.0: Probing EISA bus 0
Jul 23 03:50:44 ip-172-31-31-43 kernel: [    0.518577] GPT:16777215 != 20971519
Jul 23 03:50:44 ip-172-31-31-43 kernel: [    0.519227] platform eisa.0: EISA: Cannot allocate resource for mainboard
Jul 23 03:50:44 ip-172-31-31-43 kernel: [    0.519735] GPT: Use GNU Parted to correct GPT errors.
Jul 23 03:50:44 ip-172-31-31-43 kernel: [    0.520680] platform eisa.0: Cannot allocate resource for EISA slot 1
Jul 23 03:50:44 ip-172-31-31-43 kernel: [    0.521412]  nvme0n1: p1 p14 p15
Jul 23 03:50:44 ip-172-31-31-43 kernel: [    0.522319] platform eisa.0: Cannot allocate resource for EISA slot 2
Jul 23 03:50:44 ip-172-31-31-43 kernel: [    0.523707] platform eisa.0: Cannot allocate resource for EISA slot 3
Jul 23 03:50:44 ip-172-31-31-43 kernel: [    0.524616] platform eisa.0: Cannot allocate resource for EISA slot 4
Jul 23 03:50:44 ip-172-31-31-43 kernel: [    0.525538] platform eisa.0: Cannot allocate resource for EISA slot 5
Jul 23 03:50:44 ip-172-31-31-43 kernel: [    0.526430] platform eisa.0: Cannot allocate resource for EISA slot 6
Jul 23 03:50:44 ip-172-31-31-43 kernel: [    0.527313] platform eisa.0: Cannot allocate resource for EISA slot 7
Jul 23 03:50:44 ip-172-31-31-43 kernel: [    0.528200] platform eisa.0: Cannot allocate resource for EISA slot 8
Jul 23 03:50:44 ip-172-31-31-43 kernel: [    0.529109] platform eisa.0: EISA: Detected 0 cards
Jul 23 03:50:44 ip-172-31-31-43 kernel: [    0.529798] intel_pstate: P-states controlled by the platform
Jul 23 03:50:44 ip-172-31-31-43 kernel: [    0.530622] ledtrig-cpu: registered to indicate activity on CPUs
Jul 23 03:50:44 ip-172-31-31-43 kernel: [    0.531492] efifb: probing for efifb
Jul 23 03:50:44 ip-172-31-31-43 kernel: [    0.532008] efifb: framebuffer at 0xc0000000, using 1876k, total 1875k
Jul 23 03:50:44 ip-172-31-31-43 dhclient[302]: bound to 172.31.31.43 -- renewal in 1363 seconds.
Jul 23 03:50:44 ip-172-31-31-43 systemd[1]: Condition check resulted in OpenVSwitch configuration for cleanup being skipped.
Jul 23 03:50:44 ip-172-31-31-43 systemd[1]: message repeated 2 times: [ Condition check resulted in OpenVSwitch configuration for cleanup being skipped.]
Jul 23 03:50:44 ip-172-31-31-43 systemd[1]: Finished Initial cloud-init job (pre-networking).
Jul 23 03:50:44 ip-172-31-31-43 systemd[1]: Reached target Preparation for Network.
Jul 23 03:50:44 ip-172-31-31-43 systemd[1]: Starting Network Configuration...
Jul 23 03:50:44 ip-172-31-31-43 systemd-networkd[336]: lo: Link UP
Jul 23 03:50:44 ip-172-31-31-43 systemd-networkd[336]: lo: Gained carrier
Jul 23 03:50:44 ip-172-31-31-43 systemd-networkd[336]: Enumeration completed
Jul 23 03:50:44 ip-172-31-31-43 systemd-networkd[336]: ens5: Link UP
Jul 23 03:50:44 ip-172-31-31-43 systemd-networkd[336]: ens5: Gained carrier
Jul 23 03:50:44 ip-172-31-31-43 systemd-networkd[336]: ens5: Link DOWN
Jul 23 03:50:44 ip-172-31-31-43 systemd-networkd[336]: ens5: Lost carrier
Jul 23 03:50:44 ip-172-31-31-43 systemd[1]: Started Network Configuration.
Jul 23 03:50:44 ip-172-31-31-43 systemd-networkd[336]: ens5: Link UP
Jul 23 03:50:44 ip-172-31-31-43 systemd[1]: Starting Wait for Network to be Configured...
Jul 23 03:50:44 ip-172-31-31-43 systemd[1]: Starting Network Name Resolution...
Jul 23 03:50:44 ip-172-31-31-43 systemd-networkd[336]: ens5: Gained carrier
Jul 23 03:50:44 ip-172-31-31-43 systemd-networkd[336]: ens5: DHCPv4 address 172.31.31.43/20 via 172.31.16.1
Jul 23 03:50:44 ip-172-31-31-43 systemd-resolved[339]: Positive Trust Anchors:
Jul 23 03:50:44 ip-172-31-31-43 systemd-resolved[339]: . IN DS 20326 8 2 e06d44b80b8f1d39a95c0b0d7c65d08458e880409bbc683457104237c7f8ec8d
Jul 23 03:50:44 ip-172-31-31-43 systemd-resolved[339]: Negative trust anchors: home.arpa 10.in-addr.arpa 16.172.in-addr.arpa 17.172.in-addr.arpa 18.172.in-addr.arpa 19.172.in-addr.arpa 20.172.in-addr.arpa 21.172.in-addr.arpa 22.172.in-addr.arpa 23.172.in-addr.arpa 24.172.in-addr.arpa 25.172.in-addr.arpa 26.172.in-addr.arpa 27.172.in-addr.arpa 28.172.in-addr.arpa 29.172.in-addr.arpa 30.172.in-addr.arpa 31.172.in-addr.arpa 168.192.in-addr.arpa d.f.ip6.arpa corp home internal intranet lan local private test
Jul 23 03:50:44 ip-172-31-31-43 systemd-resolved[339]: Using system hostname 'ip-172-31-31-43'.
Jul 23 03:50:44 ip-172-31-31-43 systemd[1]: Started Network Name Resolution.
Jul 23 03:50:44 ip-172-31-31-43 systemd[1]: Reached target Network.
Jul 23 03:50:44 ip-172-31-31-43 systemd[1]: Reached target Host and Network Name Lookups.
Jul 23 03:50:44 ip-172-31-31-43 systemd[1]: Finished Load AppArmor profiles managed internally by snapd.
Jul 23 03:50:44 ip-172-31-31-43 systemd-networkd[336]: ens5: Gained IPv6LL
Jul 23 03:50:44 ip-172-31-31-43 systemd[1]: Finished Wait for Network to be Configured.
Jul 23 03:50:44 ip-172-31-31-43 systemd[1]: Starting Initial cloud-init job (metadata service crawler)...
Jul 23 03:50:44 ip-172-31-31-43 cloud-init[349]: Cloud-init v. 24.1.3-0ubuntu1~22.04.5 running 'init' at Tue, 23 Jul 2024 03:50:43 +0000. Up 9.06 seconds.
Jul 23 03:50:44 ip-172-31-31-43 cloud-init[349]: ci-info: ++++++++++++++++++++++++++++++++++++++Net device info++++++++++++++++++++++++++++++++++++++
Jul 23 03:50:44 ip-172-31-31-43 cloud-init[349]: ci-info: +--------+------+----------------------------+---------------+--------+-------------------+
Jul 23 03:50:44 ip-172-31-31-43 cloud-init[349]: ci-info: | Device |  Up  |          Address           |      Mask     | Scope  |     Hw-Address    |
Jul 23 03:50:44 ip-172-31-31-43 cloud-init[349]: ci-info: +--------+------+----------------------------+---------------+--------+-------------------+
Jul 23 03:50:44 ip-172-31-31-43 cloud-init[349]: ci-info: |  ens5  | True |        172.31.31.43        | 255.255.240.0 | global | 02:f0:4c:7a:82:cb |
Jul 23 03:50:44 ip-172-31-31-43 cloud-init[349]: ci-info: |  ens5  | True | fe80::f0:4cff:fe7a:82cb/64 |       .       |  link  | 02:f0:4c:7a:82:cb |
Jul 23 03:50:44 ip-172-31-31-43 cloud-init[349]: ci-info: |   lo   | True |         127.0.0.1          |   255.0.0.0   |  host  |         .         |
Jul 23 03:50:44 ip-172-31-31-43 cloud-init[349]: ci-info: |   lo   | True |          ::1/128           |       .       |  host  |         .         |
Jul 23 03:50:44 ip-172-31-31-43 cloud-init[349]: ci-info: +--------+------+----------------------------+---------------+--------+-------------------+
Jul 23 03:50:44 ip-172-31-31-43 cloud-init[349]: ci-info: ++++++++++++++++++++++++++++++Route IPv4 info++++++++++++++++++++++++++++++
Jul 23 03:50:44 ip-172-31-31-43 cloud-init[349]: ci-info: +-------+-------------+-------------+-----------------+-----------+-------+
Jul 23 03:50:44 ip-172-31-31-43 cloud-init[349]: ci-info: | Route | Destination |   Gateway   |     Genmask     | Interface | Flags |
Jul 23 03:50:44 ip-172-31-31-43 cloud-init[349]: ci-info: +-------+-------------+-------------+-----------------+-----------+-------+
Jul 23 03:50:44 ip-172-31-31-43 cloud-init[349]: ci-info: |   0   |   0.0.0.0   | 172.31.16.1 |     0.0.0.0     |    ens5   |   UG  |
Jul 23 03:50:44 ip-172-31-31-43 cloud-init[349]: ci-info: |   1   |  172.31.0.2 | 172.31.16.1 | 255.255.255.255 |    ens5   |  UGH  |
Jul 23 03:50:44 ip-172-31-31-43 cloud-init[349]: ci-info: |   2   | 172.31.16.0 |   0.0.0.0   |  255.255.240.0  |    ens5   |   U   |
Jul 23 03:50:44 ip-172-31-31-43 cloud-init[349]: ci-info: |   3   | 172.31.16.1 |   0.0.0.0   | 255.255.255.255 |    ens5   |   UH  |
Jul 23 03:50:44 ip-172-31-31-43 cloud-init[349]: ci-info: +-------+-------------+-------------+-----------------+-----------+-------+
Jul 23 03:50:44 ip-172-31-31-43 cloud-init[349]: ci-info: +++++++++++++++++++Route IPv6 info+++++++++++++++++++
Jul 23 03:50:44 ip-172-31-31-43 cloud-init[349]: ci-info: +-------+-------------+---------+-----------+-------+
Jul 23 03:50:44 ip-172-31-31-43 cloud-init[349]: ci-info: | Route | Destination | Gateway | Interface | Flags |
Jul 23 03:50:44 ip-172-31-31-43 kernel: [    0.532928] efifb: mode is 800x600x32, linelength=3200, pages=1
Jul 23 03:50:44 ip-172-31-31-43 kernel: [    0.533753] efifb: scrolling: redraw
Jul 23 03:50:44 ip-172-31-31-43 kernel: [    0.534261] efifb: Truecolor: size=8:8:8:8, shift=24:16:8:0
Jul 23 03:50:44 ip-172-31-31-43 kernel: [    0.535135] Console: switching to colour frame buffer device 100x37
Jul 23 03:50:44 ip-172-31-31-43 kernel: [    0.536435] fb0: EFI VGA frame buffer device
Jul 23 03:50:44 ip-172-31-31-43 kernel: [    0.537166] drop_monitor: Initializing network drop monitor service
Jul 23 03:50:44 ip-172-31-31-43 kernel: [    0.552122] NET: Registered PF_INET6 protocol family
Jul 23 03:50:44 ip-172-31-31-43 kernel: [    0.553579] Segment Routing with IPv6
Jul 23 03:50:44 ip-172-31-31-43 kernel: [    0.554114] In-situ OAM (IOAM) with IPv6
Jul 23 03:50:44 ip-172-31-31-43 kernel: [    0.554699] NET: Registered PF_PACKET protocol family
Jul 23 03:50:44 ip-172-31-31-43 kernel: [    0.555455] Key type dns_resolver registered
Jul 23 03:50:44 ip-172-31-31-43 kernel: [    0.556359] No MBM correction factor available
Jul 23 03:50:44 ip-172-31-31-43 kernel: [    0.557004] IPI shorthand broadcast: enabled
Jul 23 03:50:44 ip-172-31-31-43 kernel: [    0.559086] sched_clock: Marking stable (412090489, 144897418)->(625325011, -68337104)
Jul 23 03:50:44 ip-172-31-31-43 kernel: [    0.560305] registered taskstats version 1
Jul 23 03:50:44 ip-172-31-31-43 kernel: [    0.561018] Loading compiled-in X.509 certificates
Jul 23 03:50:44 ip-172-31-31-43 kernel: [    0.562500] Loaded X.509 cert 'Build time autogenerated kernel key: 4700cef5a48db9e99d8f258cd6e86d656a0db5b6'
Jul 23 03:50:44 ip-172-31-31-43 kernel: [    0.564815] Loaded X.509 cert 'Canonical Ltd. Live Patch Signing: 14df34d1a87cf37625abec039ef2bf521249b969'
Jul 23 03:50:44 ip-172-31-31-43 kernel: [    0.567125] Loaded X.509 cert 'Canonical Ltd. Kernel Module Signing: 88f752e560a1e0737e31163a466ad7b70a850c19'
Jul 23 03:50:44 ip-172-31-31-43 kernel: [    0.568948] blacklist: Loading compiled-in revocation X.509 certificates
Jul 23 03:50:44 ip-172-31-31-43 kernel: [    0.570117] Loaded X.509 cert 'Canonical Ltd. Secure Boot Signing: 61482aa2830d0ab2ad5af10b7250da9033ddcef0'
Jul 23 03:50:44 ip-172-31-31-43 kernel: [    0.571952] Loaded X.509 cert 'Canonical Ltd. Secure Boot Signing (2017): 242ade75ac4a15e50d50c84b0d45ff3eae707a03'
Jul 23 03:50:44 ip-172-31-31-43 kernel: [    0.573880] Loaded X.509 cert 'Canonical Ltd. Secure Boot Signing (ESM 2018): 365188c1d374d6b07c3c8f240f8ef722433d6a8b'
Jul 23 03:50:44 ip-172-31-31-43 kernel: [    0.575880] Loaded X.509 cert 'Canonical Ltd. Secure Boot Signing (2019): c0746fd6c5da3ae827864651ad66ae47fe24b3e8'
Jul 23 03:50:44 ip-172-31-31-43 kernel: [    0.577861] Loaded X.509 cert 'Canonical Ltd. Secure Boot Signing (2021 v1): a8d54bbb3825cfb94fa13c9f8a594a195c107b8d'
Jul 23 03:50:44 ip-172-31-31-43 kernel: [    0.579899] Loaded X.509 cert 'Canonical Ltd. Secure Boot Signing (2021 v2): 4cf046892d6fd3c9a5b03f98d845f90851dc6a8c'
Jul 23 03:50:44 ip-172-31-31-43 kernel: [    0.581997] Loaded X.509 cert 'Canonical Ltd. Secure Boot Signing (2021 v3): 100437bb6de6e469b581e61cd66bce3ef4ed53af'
Jul 23 03:50:44 ip-172-31-31-43 kernel: [    0.584074] Loaded X.509 cert 'Canonical Ltd. Secure Boot Signing (Ubuntu Core 2019): c1d57b8f6b743f23ee41f4f7ee292f06eecadfb9'
Jul 23 03:50:44 ip-172-31-31-43 kernel: [    0.588026] Key type .fscrypt registered
Jul 23 03:50:44 ip-172-31-31-43 kernel: [    0.588918] Key type fscrypt-provisioning registered
Jul 23 03:50:44 ip-172-31-31-43 kernel: [    0.590161] Key type encrypted registered
Jul 23 03:50:44 ip-172-31-31-43 kernel: [    0.591050] AppArmor: AppArmor sha1 policy hashing enabled
Jul 23 03:50:44 ip-172-31-31-43 kernel: [    0.592374] ima: No TPM chip found, activating TPM-bypass!
Jul 23 03:50:44 ip-172-31-31-43 kernel: [    0.593466] Loading compiled-in module X.509 certificates
Jul 23 03:50:44 ip-172-31-31-43 kernel: [    0.595044] Loaded X.509 cert 'Build time autogenerated kernel key: 4700cef5a48db9e99d8f258cd6e86d656a0db5b6'
Jul 23 03:50:44 ip-172-31-31-43 kernel: [    0.597052] ima: Allocated hash algorithm: sha1
Jul 23 03:50:44 ip-172-31-31-43 kernel: [    0.598008] ima: No architecture policies found
Jul 23 03:50:44 ip-172-31-31-43 kernel: [    0.598981] evm: Initialising EVM extended attributes:
Jul 23 03:50:44 ip-172-31-31-43 kernel: [    0.600008] evm: security.selinux
Jul 23 03:50:44 ip-172-31-31-43 kernel: [    0.600784] evm: security.SMACK64
Jul 23 03:50:44 ip-172-31-31-43 kernel: [    0.601588] evm: security.SMACK64EXEC
Jul 23 03:50:44 ip-172-31-31-43 kernel: [    0.602412] evm: security.SMACK64TRANSMUTE
Jul 23 03:50:44 ip-172-31-31-43 kernel: [    0.603280] evm: security.SMACK64MMAP
Jul 23 03:50:44 ip-172-31-31-43 kernel: [    0.604077] evm: security.apparmor
Jul 23 03:50:44 ip-172-31-31-43 kernel: [    0.604833] evm: security.ima
Jul 23 03:50:44 ip-172-31-31-43 kernel: [    0.605536] evm: security.capability
Jul 23 03:50:44 ip-172-31-31-43 kernel: [    0.606296] evm: HMAC attrs: 0x1
Jul 23 03:50:44 ip-172-31-31-43 kernel: [    0.607265] PM:   Magic number: 0:837:816
Jul 23 03:50:44 ip-172-31-31-43 kernel: [    0.611150] RAS: Correctable Errors collector initialized.
Jul 23 03:50:44 ip-172-31-31-43 kernel: [    0.612231] clk: Disabling unused clocks
Jul 23 03:50:44 ip-172-31-31-43 kernel: [    1.017397] input: AT Translated Set 2 keyboard as /devices/platform/i8042/serio0/input/input2
Jul 23 03:50:44 ip-172-31-31-43 kernel: [    1.018676] md: Waiting for all devices to be available before autodetect
Jul 23 03:50:44 ip-172-31-31-43 kernel: [    1.019477] md: If you don't use raid, use raid=noautodetect
Jul 23 03:50:44 ip-172-31-31-43 kernel: [    1.020175] md: Autodetecting RAID arrays.
Jul 23 03:50:44 ip-172-31-31-43 kernel: [    1.020738] md: autorun ...
Jul 23 03:50:44 ip-172-31-31-43 kernel: [    1.021207] md: ... autorun DONE.
Jul 23 03:50:44 ip-172-31-31-43 kernel: [    1.031491] EXT4-fs (nvme0n1p1): mounted filesystem a1f24dd7-acf7-4f04-82ec-d558d3610c87 ro with ordered data mode. Quota mode: none.
Jul 23 03:50:44 ip-172-31-31-43 kernel: [    1.032935] VFS: Mounted root (ext4 filesystem) readonly on device 259:1.
Jul 23 03:50:44 ip-172-31-31-43 kernel: [    1.034067] devtmpfs: mounted
Jul 23 03:50:44 ip-172-31-31-43 kernel: [    1.035687] Freeing unused decrypted memory: 2036K
Jul 23 03:50:44 ip-172-31-31-43 kernel: [    1.037329] Freeing unused kernel image (initmem) memory: 4916K
Jul 23 03:50:44 ip-172-31-31-43 kernel: [    1.048909] Write protecting the kernel read-only data: 34816k
Jul 23 03:50:44 ip-172-31-31-43 kernel: [    1.049958] Freeing unused kernel image (rodata/data gap) memory: 1080K
Jul 23 03:50:44 ip-172-31-31-43 kernel: [    1.103112] x86/mm: Checked W+X mappings: passed, no W+X pages found.
Jul 23 03:50:44 ip-172-31-31-43 kernel: [    1.103885] x86/mm: Checking user space page tables
Jul 23 03:50:44 ip-172-31-31-43 kernel: [    1.155111] x86/mm: Checked W+X mappings: passed, no W+X pages found.
Jul 23 03:50:44 ip-172-31-31-43 kernel: [    1.155879] Run /sbin/init as init process
Jul 23 03:50:44 ip-172-31-31-43 kernel: [    1.156430]   with arguments:
Jul 23 03:50:44 ip-172-31-31-43 kernel: [    1.156432]     /sbin/init
Jul 23 03:50:44 ip-172-31-31-43 kernel: [    1.156434]   with environment:
Jul 23 03:50:44 ip-172-31-31-43 kernel: [    1.156434]     HOME=/
Jul 23 03:50:44 ip-172-31-31-43 kernel: [    1.156435]     TERM=linux
Jul 23 03:50:44 ip-172-31-31-43 kernel: [    1.156436]     BOOT_IMAGE=/boot/vmlinuz-6.5.0-1023-aws
Jul 23 03:50:44 ip-172-31-31-43 kernel: [    1.548603] systemd[1]: Inserted module 'autofs4'
Jul 23 03:50:44 ip-172-31-31-43 kernel: [    1.582741] systemd[1]: systemd 249.11-0ubuntu3.12 running in system mode (+PAM +AUDIT +SELINUX +APPARMOR +IMA +SMACK +SECCOMP +GCRYPT +GNUTLS +OPENSSL +ACL +BLKID +CURL +ELFUTILS +FIDO2 +IDN2 -IDN +IPTC +KMOD +LIBCRYPTSETUP +LIBFDISK +PCRE2 -PWQUALITY -P11KIT -QRENCODE +BZIP2 +LZ4 +XZ +ZLIB +ZSTD -XKBCOMMON +UTMP +SYSVINIT default-hierarchy=unified)
Jul 23 03:50:44 ip-172-31-31-43 kernel: [    1.586032] systemd[1]: Detected virtualization amazon.
Jul 23 03:50:44 ip-172-31-31-43 kernel: [    1.586690] systemd[1]: Detected architecture x86-64.
Jul 23 03:50:44 ip-172-31-31-43 kernel: [    1.601732] systemd[1]: Hostname set to <ubuntu>.
Jul 23 03:50:44 ip-172-31-31-43 kernel: [    1.604031] systemd[1]: Initializing machine ID from VM UUID.
Jul 23 03:50:44 ip-172-31-31-43 kernel: [    1.604762] systemd[1]: Installed transient /etc/machine-id file.
Jul 23 03:50:44 ip-172-31-31-43 kernel: [    1.631045] systemd[1]: memfd_create() called without MFD_EXEC or MFD_NOEXEC_SEAL set
Jul 23 03:50:44 ip-172-31-31-43 kernel: [    1.691871] block nvme0n1: the capability attribute has been deprecated.
Jul 23 03:50:44 ip-172-31-31-43 kernel: [    1.900820] systemd[1]: Configuration file /run/systemd/system/netplan-ovs-cleanup.service is marked world-inaccessible. This has no effect as configuration data is accessible via APIs without restrictions. Proceeding anyway.
Jul 23 03:50:44 ip-172-31-31-43 kernel: [    2.040917] systemd[1]: Queued start job for default target Graphical Interface.
Jul 23 03:50:44 ip-172-31-31-43 kernel: [    2.061346] systemd[1]: Created slice Slice /system/modprobe.
Jul 23 03:50:44 ip-172-31-31-43 kernel: [    2.063342] systemd[1]: Created slice Slice /system/serial-getty.
Jul 23 03:50:44 ip-172-31-31-43 kernel: [    2.065279] systemd[1]: Created slice Slice /system/systemd-fsck.
Jul 23 03:50:44 ip-172-31-31-43 kernel: [    2.067100] systemd[1]: Created slice User and Session Slice.
Jul 23 03:50:44 ip-172-31-31-43 kernel: [    2.068728] systemd[1]: Started Forward Password Requests to Wall Directory Watch.
Jul 23 03:50:44 ip-172-31-31-43 kernel: [    2.070826] systemd[1]: Set up automount Arbitrary Executable File Formats File System Automount Point.
Jul 23 03:50:44 ip-172-31-31-43 kernel: [    2.073219] systemd[1]: Reached target Slice Units.
Jul 23 03:50:44 ip-172-31-31-43 kernel: [    2.074610] systemd[1]: Reached target Mounting snaps.
Jul 23 03:50:44 ip-172-31-31-43 kernel: [    2.076046] systemd[1]: Reached target Swaps.
Jul 23 03:50:44 ip-172-31-31-43 kernel: [    2.077329] systemd[1]: Reached target System Time Set.
Jul 23 03:50:44 ip-172-31-31-43 kernel: [    2.078796] systemd[1]: Reached target Local Verity Protected Volumes.
Jul 23 03:50:44 ip-172-31-31-43 kernel: [    2.080560] systemd[1]: Listening on Device-mapper event daemon FIFOs.
Jul 23 03:50:44 ip-172-31-31-43 kernel: [    2.082415] systemd[1]: Listening on LVM2 poll daemon socket.
Jul 23 03:50:44 ip-172-31-31-43 kernel: [    2.084053] systemd[1]: Listening on multipathd control socket.
Jul 23 03:50:44 ip-172-31-31-43 kernel: [    2.085741] systemd[1]: Listening on Syslog Socket.
Jul 23 03:50:44 ip-172-31-31-43 kernel: [    2.087205] systemd[1]: Listening on fsck to fsckd communication Socket.
Jul 23 03:50:44 ip-172-31-31-43 kernel: [    2.088962] systemd[1]: Listening on initctl Compatibility Named Pipe.
Jul 23 03:50:44 ip-172-31-31-43 kernel: [    2.090798] systemd[1]: Listening on Journal Audit Socket.
Jul 23 03:50:44 ip-172-31-31-43 kernel: [    2.092363] systemd[1]: Listening on Journal Socket (/dev/log).
Jul 23 03:50:44 ip-172-31-31-43 kernel: [    2.094013] systemd[1]: Listening on Journal Socket.
Jul 23 03:50:44 ip-172-31-31-43 kernel: [    2.095506] systemd[1]: Listening on Network Service Netlink Socket.
Jul 23 03:50:44 ip-172-31-31-43 kernel: [    2.097244] systemd[1]: Listening on udev Control Socket.
Jul 23 03:50:44 ip-172-31-31-43 kernel: [    2.098759] systemd[1]: Listening on udev Kernel Socket.
Jul 23 03:50:44 ip-172-31-31-43 kernel: [    2.117037] systemd[1]: Mounting Huge Pages File System...
Jul 23 03:50:44 ip-172-31-31-43 kernel: [    2.119566] systemd[1]: Mounting POSIX Message Queue File System...
Jul 23 03:50:44 ip-172-31-31-43 kernel: [    2.122639] systemd[1]: Mounting Kernel Debug File System...
Jul 23 03:50:44 ip-172-31-31-43 kernel: [    2.125536] systemd[1]: Mounting Kernel Trace File System...
Jul 23 03:50:44 ip-172-31-31-43 kernel: [    2.129350] systemd[1]: Starting Journal Service...
Jul 23 03:50:44 ip-172-31-31-43 kernel: [    2.132195] systemd[1]: Starting Set the console keyboard layout...
Jul 23 03:50:44 ip-172-31-31-43 kernel: [    2.135263] systemd[1]: Starting Create List of Static Device Nodes...
Jul 23 03:50:44 ip-172-31-31-43 kernel: [    2.138142] systemd[1]: Starting Monitoring of LVM2 mirrors, snapshots etc. using dmeventd or progress polling...
Jul 23 03:50:44 ip-172-31-31-43 kernel: [    2.141248] systemd[1]: Condition check resulted in LXD - agent being skipped.
Jul 23 03:50:44 ip-172-31-31-43 kernel: [    2.143701] systemd[1]: Starting Load Kernel Module configfs...
Jul 23 03:50:44 ip-172-31-31-43 kernel: [    2.146590] systemd[1]: Starting Load Kernel Module drm...
Jul 23 03:50:44 ip-172-31-31-43 kernel: [    2.153279] systemd[1]: Starting Load Kernel Module efi_pstore...
Jul 23 03:50:44 ip-172-31-31-43 kernel: [    2.157357] systemd[1]: Starting Load Kernel Module fuse...
Jul 23 03:50:44 ip-172-31-31-43 kernel: [    2.163709] pstore: Using crash dump compression: deflate
Jul 23 03:50:44 ip-172-31-31-43 kernel: [    2.164121] systemd[1]: Condition check resulted in OpenVSwitch configuration for cleanup being skipped.
Jul 23 03:50:44 ip-172-31-31-43 kernel: [    2.171463] pstore: Registered efi_pstore as persistent store backend
Jul 23 03:50:44 ip-172-31-31-43 kernel: [    2.174561] systemd[1]: Starting File System Check on Root Device...
Jul 23 03:50:44 ip-172-31-31-43 kernel: [    2.180175] systemd[1]: Starting Load Kernel Modules...
Jul 23 03:50:44 ip-172-31-31-43 kernel: [    2.192397] systemd[1]: Starting Coldplug All udev Devices...
Jul 23 03:50:44 ip-172-31-31-43 kernel: [    2.196233] systemd[1]: Mounted Huge Pages File System.
Jul 23 03:50:44 ip-172-31-31-43 kernel: [    2.239606] ACPI: bus type drm_connector registered
Jul 23 03:50:44 ip-172-31-31-43 kernel: [    2.245402] systemd[1]: Mounted POSIX Message Queue File System.
Jul 23 03:50:44 ip-172-31-31-43 kernel: [    2.247444] systemd[1]: Started Journal Service.
Jul 23 03:50:44 ip-172-31-31-43 kernel: [    2.356923] EXT4-fs (nvme0n1p1): re-mounted a1f24dd7-acf7-4f04-82ec-d558d3610c87 r/w. Quota mode: none.
Jul 23 03:50:44 ip-172-31-31-43 kernel: [    2.393898] systemd-journald[112]: Received client request to flush runtime journal.
Jul 23 03:50:44 ip-172-31-31-43 kernel: [    2.400147] alua: device handler registered
Jul 23 03:50:44 ip-172-31-31-43 kernel: [    2.401443] emc: device handler registered
Jul 23 03:50:44 ip-172-31-31-43 kernel: [    2.405793] rdac: device handler registered
Jul 23 03:50:44 ip-172-31-31-43 kernel: [    2.689780] parport_pc 00:03: reported by Plug and Play ACPI
Jul 23 03:50:44 ip-172-31-31-43 kernel: [    2.692474] ena 0000:00:05.0: ENA device version: 0.10
Jul 23 03:50:44 ip-172-31-31-43 kernel: [    2.692480] ena 0000:00:05.0: ENA controller version: 0.0.1 implementation version 1
Jul 23 03:50:44 ip-172-31-31-43 kernel: [    2.702083] ena 0000:00:05.0: Elastic Network Adapter (ENA) found at mem c0510000, mac addr 02:f0:4c:7a:82:cb
Jul 23 03:50:44 ip-172-31-31-43 kernel: [    2.726918] cryptd: max_cpu_qlen set to 1000
Jul 23 03:50:44 ip-172-31-31-43 kernel: [    2.747179] AVX2 version of gcm_enc/dec engaged.
Jul 23 03:50:44 ip-172-31-31-43 kernel: [    2.747243] AES CTR mode by8 optimization enabled
Jul 23 03:50:44 ip-172-31-31-43 kernel: [    2.855146] ppdev: user-space parallel port driver
Jul 23 03:50:44 ip-172-31-31-43 kernel: [    2.873166] ena 0000:00:05.0 ens5: renamed from eth0
Jul 23 03:50:44 ip-172-31-31-43 kernel: [    2.973493] loop0: detected capacity change from 0 to 51688
Jul 23 03:50:44 ip-172-31-31-43 kernel: [    2.976393] loop1: detected capacity change from 0 to 113992
Jul 23 03:50:44 ip-172-31-31-43 kernel: [    2.979934] loop2: detected capacity change from 0 to 130960
Jul 23 03:50:44 ip-172-31-31-43 kernel: [    2.982578] loop3: detected capacity change from 0 to 178256
Jul 23 03:50:44 ip-172-31-31-43 kernel: [    2.986743] loop4: detected capacity change from 0 to 79520
Jul 23 03:50:44 ip-172-31-31-43 kernel: [    3.235681] audit: type=1400 audit(1721706637.219:2): apparmor="STATUS" operation="profile_load" profile="unconfined" name="lsb_release" pid=268 comm="apparmor_parser"
Jul 23 03:50:44 ip-172-31-31-43 kernel: [    3.241167] audit: type=1400 audit(1721706637.227:3): apparmor="STATUS" operation="profile_load" profile="unconfined" name="nvidia_modprobe" pid=269 comm="apparmor_parser"
Jul 23 03:50:44 ip-172-31-31-43 kernel: [    3.241820] audit: type=1400 audit(1721706637.227:4): apparmor="STATUS" operation="profile_load" profile="unconfined" name="nvidia_modprobe//kmod" pid=269 comm="apparmor_parser"
Jul 23 03:50:44 ip-172-31-31-43 kernel: [    3.450196] audit: type=1400 audit(1721706637.435:5): apparmor="STATUS" operation="profile_load" profile="unconfined" name="ubuntu_pro_apt_news" pid=271 comm="apparmor_parser"
Jul 23 03:50:44 ip-172-31-31-43 kernel: [    3.548502] audit: type=1400 audit(1721706637.531:6): apparmor="STATUS" operation="profile_load" profile="unconfined" name="/usr/lib/NetworkManager/nm-dhcp-client.action" pid=270 comm="apparmor_parser"
Jul 23 03:50:44 ip-172-31-31-43 cloud-init[349]: ci-info: +-------+-------------+---------+-----------+-------+
Jul 23 03:50:44 ip-172-31-31-43 cloud-init[349]: ci-info: |   1   |  fe80::/64  |    ::   |    ens5   |   U   |
Jul 23 03:50:44 ip-172-31-31-43 cloud-init[349]: ci-info: |   3   |    local    |    ::   |    ens5   |   U   |
Jul 23 03:50:44 ip-172-31-31-43 cloud-init[349]: ci-info: |   4   |  multicast  |    ::   |    ens5   |   U   |
Jul 23 03:50:44 ip-172-31-31-43 cloud-init[349]: ci-info: +-------+-------------+---------+-----------+-------+
Jul 23 03:50:44 ip-172-31-31-43 cloud-init[349]: Generating public/private rsa key pair.
Jul 23 03:50:44 ip-172-31-31-43 cloud-init[349]: Your identification has been saved in /etc/ssh/ssh_host_rsa_key
Jul 23 03:50:44 ip-172-31-31-43 cloud-init[349]: Your public key has been saved in /etc/ssh/ssh_host_rsa_key.pub
Jul 23 03:50:44 ip-172-31-31-43 cloud-init[349]: The key fingerprint is:
Jul 23 03:50:44 ip-172-31-31-43 cloud-init[349]: SHA256:dgu2taKenN4OMeAPWAxxO3sOATzqxHHM2FBn5PC3a28 root@ip-172-31-31-43
Jul 23 03:50:44 ip-172-31-31-43 cloud-init[349]: The key's randomart image is:
Jul 23 03:50:44 ip-172-31-31-43 cloud-init[349]: +---[RSA 3072]----+
Jul 23 03:50:44 ip-172-31-31-43 cloud-init[349]: | o@+o+           |
Jul 23 03:50:44 ip-172-31-31-43 cloud-init[349]: | ooX*.           |
Jul 23 03:50:44 ip-172-31-31-43 cloud-init[349]: |..o.Bo .         |
Jul 23 03:50:44 ip-172-31-31-43 cloud-init[349]: |.o + =. .        |
Jul 23 03:50:44 ip-172-31-31-43 kernel: [    3.549913] audit: type=1400 audit(1721706637.535:7): apparmor="STATUS" operation="profile_load" profile="unconfined" name="/usr/lib/NetworkManager/nm-dhcp-helper" pid=270 comm="apparmor_parser"
Jul 23 03:50:44 ip-172-31-31-43 kernel: [    3.551085] audit: type=1400 audit(1721706637.535:8): apparmor="STATUS" operation="profile_load" profile="unconfined" name="/usr/lib/connman/scripts/dhclient-script" pid=270 comm="apparmor_parser"
Jul 23 03:50:44 ip-172-31-31-43 kernel: [    3.553199] audit: type=1400 audit(1721706637.539:9): apparmor="STATUS" operation="profile_load" profile="unconfined" name="/{,usr/}sbin/dhclient" pid=270 comm="apparmor_parser"
Jul 23 03:50:44 ip-172-31-31-43 kernel: [    3.563743] input: ImPS/2 Generic Wheel Mouse as /devices/platform/i8042/serio1/input/input4
Jul 23 03:50:44 ip-172-31-31-43 kernel: [    3.699503] audit: type=1400 audit(1721706637.683:10): apparmor="STATUS" operation="profile_load" profile="unconfined" name="/usr/bin/man" pid=273 comm="apparmor_parser"
Jul 23 03:50:44 ip-172-31-31-43 kernel: [    5.349080] kauditd_printk_skb: 21 callbacks suppressed
Jul 23 03:50:44 ip-172-31-31-43 kernel: [    5.349083] audit: type=1400 audit(1721706639.335:32): apparmor="STATUS" operation="profile_load" profile="unconfined" name="snap.lxd.activate" pid=291 comm="apparmor_parser"
Jul 23 03:50:44 ip-172-31-31-43 kernel: [    5.590614] audit: type=1400 audit(1721706639.575:33): apparmor="STATUS" operation="profile_load" profile="unconfined" name="snap.lxd.benchmark" pid=292 comm="apparmor_parser"
Jul 23 03:50:44 ip-172-31-31-43 kernel: [    5.777626] audit: type=1400 audit(1721706639.763:34): apparmor="STATUS" operation="profile_load" profile="unconfined" name="snap.lxd.buginfo" pid=293 comm="apparmor_parser"
Jul 23 03:50:44 ip-172-31-31-43 kernel: [    5.869256] audit: type=1400 audit(1721706639.855:35): apparmor="DENIED" operation="exec" class="file" profile="/{,usr/}sbin/dhclient" name="/usr/bin/true" pid=306 comm="dhclient" requested_mask="x" denied_mask="x" fsuid=0 ouid=0
Jul 23 03:50:44 ip-172-31-31-43 kernel: [    5.891069] audit: type=1400 audit(1721706639.875:36): apparmor="DENIED" operation="exec" class="file" profile="/{,usr/}sbin/dhclient" name="/usr/bin/true" pid=307 comm="isc-worker0000" requested_mask="x" denied_mask="x" fsuid=0 ouid=0
Jul 23 03:50:44 ip-172-31-31-43 kernel: [    6.185488] audit: type=1400 audit(1721706640.171:37): apparmor="STATUS" operation="profile_load" profile="unconfined" name="snap.lxd.check-kernel" pid=294 comm="apparmor_parser"
Jul 23 03:50:44 ip-172-31-31-43 kernel: [    6.602231] audit: type=1400 audit(1721706640.587:38): apparmor="STATUS" operation="profile_load" profile="unconfined" name="snap.lxd.daemon" pid=299 comm="apparmor_parser"
Jul 23 03:50:44 ip-172-31-31-43 kernel: [    6.925381] audit: type=1400 audit(1721706640.911:39): apparmor="STATUS" operation="profile_load" profile="unconfined" name="snap.lxd.hook.configure" pid=319 comm="apparmor_parser"
Jul 23 03:50:44 ip-172-31-31-43 kernel: [    7.052579] audit: type=1400 audit(1721706641.035:40): apparmor="STATUS" operation="profile_load" profile="unconfined" name="snap.lxd.hook.install" pid=325 comm="apparmor_parser"
Jul 23 03:50:44 ip-172-31-31-43 kernel: [    7.405505] audit: type=1400 audit(1721706641.391:41): apparmor="STATUS" operation="profile_load" profile="unconfined" name="snap.lxd.hook.remove" pid=337 comm="apparmor_parser"
Jul 23 03:50:44 ip-172-31-31-43 kernel: [    9.914601] EXT4-fs (nvme0n1p1): resizing filesystem from 2068731 to 2593019 blocks
Jul 23 03:50:44 ip-172-31-31-43 kernel: [    9.924725] EXT4-fs (nvme0n1p1): resized filesystem to 2593019
Jul 23 03:50:44 ip-172-31-31-43 cloud-init[349]: |o . = +.S o      |
Jul 23 03:50:44 ip-172-31-31-43 cloud-init[349]: | .   * =.= o     |
Jul 23 03:50:44 ip-172-31-31-43 cloud-init[349]: |      +oo o      |
Jul 23 03:50:44 ip-172-31-31-43 cloud-init[349]: |     ..*.E       |
Jul 23 03:50:44 ip-172-31-31-43 cloud-init[349]: |     oB.+.       |
Jul 23 03:50:44 ip-172-31-31-43 cloud-init[349]: +----[SHA256]-----+
Jul 23 03:50:44 ip-172-31-31-43 cloud-init[349]: Generating public/private ecdsa key pair.
Jul 23 03:50:44 ip-172-31-31-43 cloud-init[349]: Your identification has been saved in /etc/ssh/ssh_host_ecdsa_key
Jul 23 03:50:44 ip-172-31-31-43 cloud-init[349]: Your public key has been saved in /etc/ssh/ssh_host_ecdsa_key.pub
Jul 23 03:50:44 ip-172-31-31-43 cloud-init[349]: The key fingerprint is:
Jul 23 03:50:44 ip-172-31-31-43 cloud-init[349]: SHA256:36ggXTBNMvSBIqZYZyCE9NMtdVptdQx00xHYvB3AyeA root@ip-172-31-31-43
Jul 23 03:50:44 ip-172-31-31-43 cloud-init[349]: The key's randomart image is:
Jul 23 03:50:44 ip-172-31-31-43 cloud-init[349]: +---[ECDSA 256]---+
Jul 23 03:50:44 ip-172-31-31-43 cloud-init[349]: |=o.. .+ooo..*=O*+|
Jul 23 03:50:44 ip-172-31-31-43 cloud-init[349]: |..= = +*+..o =o=o|
Jul 23 03:50:44 ip-172-31-31-43 cloud-init[349]: |.+ * +ooo .E    +|
Jul 23 03:50:44 ip-172-31-31-43 cloud-init[349]: |o   . .o       ..|
Jul 23 03:50:44 ip-172-31-31-43 cloud-init[349]: |        S        |
Jul 23 03:50:44 ip-172-31-31-43 cloud-init[349]: |     . . . o     |
Jul 23 03:50:44 ip-172-31-31-43 cloud-init[349]: |    . o   o .    |
Jul 23 03:50:44 ip-172-31-31-43 cloud-init[349]: |     . . .       |
Jul 23 03:50:44 ip-172-31-31-43 cloud-init[349]: |        .        |
Jul 23 03:50:44 ip-172-31-31-43 cloud-init[349]: +----[SHA256]-----+
Jul 23 03:50:44 ip-172-31-31-43 cloud-init[349]: Generating public/private ed25519 key pair.
Jul 23 03:50:44 ip-172-31-31-43 cloud-init[349]: Your identification has been saved in /etc/ssh/ssh_host_ed25519_key
Jul 23 03:50:44 ip-172-31-31-43 cloud-init[349]: Your public key has been saved in /etc/ssh/ssh_host_ed25519_key.pub
Jul 23 03:50:44 ip-172-31-31-43 cloud-init[349]: The key fingerprint is:
Jul 23 03:50:44 ip-172-31-31-43 cloud-init[349]: SHA256:vRUd/0CjoR1L57sjyWnww7pl7QXsUEsfayqn/0rIfn4 root@ip-172-31-31-43
Jul 23 03:50:44 ip-172-31-31-43 cloud-init[349]: The key's randomart image is:
Jul 23 03:50:44 ip-172-31-31-43 cloud-init[349]: +--[ED25519 256]--+
Jul 23 03:50:44 ip-172-31-31-43 cloud-init[349]: |            + =  |
Jul 23 03:50:44 ip-172-31-31-43 cloud-init[349]: |           + X + |
Jul 23 03:50:44 ip-172-31-31-43 cloud-init[349]: |          . = *..|
Jul 23 03:50:44 ip-172-31-31-43 cloud-init[349]: |         .   = =+|
Jul 23 03:50:44 ip-172-31-31-43 cloud-init[349]: |        S o o =oo|
Jul 23 03:50:44 ip-172-31-31-43 cloud-init[349]: |          .B.*oo |
Jul 23 03:50:44 ip-172-31-31-43 cloud-init[349]: |          .+%+= .|
Jul 23 03:50:44 ip-172-31-31-43 cloud-init[349]: |          .=== E |
Jul 23 03:50:44 ip-172-31-31-43 cloud-init[349]: |          o+++=. |
Jul 23 03:50:44 ip-172-31-31-43 cloud-init[349]: +----[SHA256]-----+
Jul 23 03:50:44 ip-172-31-31-43 systemd[1]: Finished Initial cloud-init job (metadata service crawler).
Jul 23 03:50:44 ip-172-31-31-43 systemd[1]: Reached target Cloud-config availability.
Jul 23 03:50:44 ip-172-31-31-43 systemd[1]: Reached target Network is Online.
Jul 23 03:50:44 ip-172-31-31-43 systemd[1]: Reached target System Initialization.
Jul 23 03:50:44 ip-172-31-31-43 systemd[1]: Started ACPI Events Check.
Jul 23 03:50:44 ip-172-31-31-43 systemd[1]: Condition check resulted in Process error reports when automatic reporting is enabled (file watch) being skipped.
Jul 23 03:50:44 ip-172-31-31-43 systemd[1]: Condition check resulted in Process error reports when automatic reporting is enabled (timer based) being skipped.
Jul 23 03:50:44 ip-172-31-31-43 systemd[1]: Started Daily Cleanup of Temporary Directories.
Jul 23 03:50:44 ip-172-31-31-43 systemd[1]: Condition check resulted in Ubuntu Pro Timer for running repeated jobs being skipped.
Jul 23 03:50:44 ip-172-31-31-43 systemd[1]: Started Download data for packages that failed at package install time.
Jul 23 03:50:44 ip-172-31-31-43 systemd[1]: Reached target Path Units.
Jul 23 03:50:44 ip-172-31-31-43 systemd[1]: Listening on ACPID Listen Socket.
Jul 23 03:50:44 ip-172-31-31-43 systemd[1]: Condition check resulted in Unix socket for apport crash forwarding being skipped.
Jul 23 03:50:44 ip-172-31-31-43 systemd[1]: Listening on cloud-init hotplug hook socket.
Jul 23 03:50:44 ip-172-31-31-43 systemd[1]: Listening on D-Bus System Message Bus Socket.
Jul 23 03:50:44 ip-172-31-31-43 systemd[1]: Listening on Open-iSCSI iscsid Socket.
Jul 23 03:50:44 ip-172-31-31-43 systemd[1]: Starting Socket activation for snappy daemon...
Jul 23 03:50:44 ip-172-31-31-43 systemd[1]: Listening on UUID daemon activation socket.
Jul 23 03:50:44 ip-172-31-31-43 systemd[1]: Condition check resulted in Login to default iSCSI targets being skipped.
Jul 23 03:50:44 ip-172-31-31-43 systemd[1]: Reached target Preparation for Remote File Systems.
Jul 23 03:50:44 ip-172-31-31-43 systemd[1]: Reached target Remote File Systems.
Jul 23 03:50:44 ip-172-31-31-43 systemd[1]: Finished Availability of block devices.
Jul 23 03:50:44 ip-172-31-31-43 systemd[1]: Listening on Socket activation for snappy daemon.
Jul 23 03:50:44 ip-172-31-31-43 systemd[1]: Reached target Socket Units.
Jul 23 03:50:44 ip-172-31-31-43 systemd[1]: Reached target Basic System.
Jul 23 03:50:44 ip-172-31-31-43 systemd[1]: Started ACPI event daemon.
Jul 23 03:50:44 ip-172-31-31-43 systemd[1]: Starting LSB: automatic crash report generation...
Jul 23 03:50:44 ip-172-31-31-43 systemd[1]: Starting chrony, an NTP client/server...
Jul 23 03:50:44 ip-172-31-31-43 systemd[1]: Started Regular background program processing daemon.
Jul 23 03:50:44 ip-172-31-31-43 systemd[1]: Started D-Bus System Message Bus.
Jul 23 03:50:44 ip-172-31-31-43 cron[444]: (CRON) INFO (pidfile fd = 3)
Jul 23 03:50:44 ip-172-31-31-43 systemd[1]: Started Save initial kernel messages after boot.
Jul 23 03:50:44 ip-172-31-31-43 cron[444]: (CRON) INFO (Running @reboot jobs)
Jul 23 03:50:44 ip-172-31-31-43 systemd[1]: Starting Remove Stale Online ext4 Metadata Check Snapshots...
Jul 23 03:50:44 ip-172-31-31-43 systemd[1]: Starting EC2 Instance Connect Host Key Harvesting...
Jul 23 03:50:44 ip-172-31-31-43 systemd[1]: Condition check resulted in getty on tty2-tty6 if dbus and logind are not available being skipped.
Jul 23 03:50:44 ip-172-31-31-43 systemd[1]: Starting Record successful boot for GRUB...
Jul 23 03:50:44 ip-172-31-31-43 systemd[1]: Started irqbalance daemon.
Jul 23 03:50:44 ip-172-31-31-43 acpid: starting up with netlink and the input layer
Jul 23 03:50:44 ip-172-31-31-43 acpid: 2 rules loaded
Jul 23 03:50:44 ip-172-31-31-43 acpid: waiting for events: event logging is off
Jul 23 03:50:44 ip-172-31-31-43 systemd[1]: Starting Dispatcher daemon for systemd-networkd...
Jul 23 03:50:44 ip-172-31-31-43 systemd[1]: Starting Pollinate to seed the pseudo random number generator...
Jul 23 03:50:44 ip-172-31-31-43 systemd[1]: Starting System Logging Service...
Jul 23 03:50:44 ip-172-31-31-43 systemd[1]: Condition check resulted in Secure Boot updates for DB and DBX being skipped.
Jul 23 03:50:44 ip-172-31-31-43 systemd[1]: Condition check resulted in Automatically repair incorrect owner/permissions on core devices being skipped.
Jul 23 03:50:44 ip-172-31-31-43 systemd[1]: Condition check resulted in Wait for the Ubuntu Core chooser trigger being skipped.
Jul 23 03:50:44 ip-172-31-31-43 systemd[1]: Reached target Preparation for Logins.
Jul 23 03:50:44 ip-172-31-31-43 systemd[1]: Starting Wait until snapd is fully seeded...
Jul 23 03:50:44 ip-172-31-31-43 systemd[1]: Starting Snap Daemon...
Jul 23 03:50:44 ip-172-31-31-43 dbus-daemon[445]: [system] AppArmor D-Bus mediation is enabled
Jul 23 03:50:44 ip-172-31-31-43 dbus-daemon[445]: [system] Activating systemd to hand-off: service name='org.freedesktop.hostname1' unit='dbus-org.freedesktop.hostname1.service' requested by ':1.1' (uid=100 pid=336 comm="/lib/systemd/systemd-networkd " label="unconfined")
Jul 23 03:50:44 ip-172-31-31-43 systemd[1]: Starting User Login Management...
Jul 23 03:50:44 ip-172-31-31-43 systemd[1]: Starting Permit User Sessions...
Jul 23 03:50:44 ip-172-31-31-43 systemd[1]: Condition check resulted in Ubuntu Pro reboot cmds being skipped.
Jul 23 03:50:44 ip-172-31-31-43 systemd[1]: Condition check resulted in Ubuntu Pro Background Auto Attach being skipped.
Jul 23 03:50:44 ip-172-31-31-43 dbus-daemon[445]: [system] Successfully activated service 'org.freedesktop.systemd1'
Jul 23 03:50:44 ip-172-31-31-43 rsyslogd: imuxsock: Acquired UNIX socket '/run/systemd/journal/syslog' (fd 3) from systemd.  [v8.2112.0]
Jul 23 03:50:44 ip-172-31-31-43 rsyslogd: rsyslogd's groupid changed to 111
Jul 23 03:50:44 ip-172-31-31-43 rsyslogd: rsyslogd's userid changed to 104
Jul 23 03:50:44 ip-172-31-31-43 rsyslogd: [origin software="rsyslogd" swVersion="8.2112.0" x-pid="456" x-info="https://www.rsyslog.com"] start
Jul 23 03:50:44 ip-172-31-31-43 systemd[1]: Started System Logging Service.
Jul 23 03:50:44 ip-172-31-31-43 systemd[1]: Finished Permit User Sessions.
Jul 23 03:50:44 ip-172-31-31-43 apport[441]:  * Starting automatic crash report generation: apport
Jul 23 03:50:44 ip-172-31-31-43 apport[441]:    ...done.
Jul 23 03:50:44 ip-172-31-31-43 systemd[1]: Starting Hold until boot process finishes up...
Jul 23 03:50:44 ip-172-31-31-43 systemd[1]: Starting Terminate Plymouth Boot Screen...
